<!doctype html public "-//w3c//dtd html 4.0 transitional//en">
<html><head>
<title>Static Call Graph - [STM32CubeMX\STM32CubeMX.axf]</title></head>
<body><HR>
<H1>Static Call Graph for image STM32CubeMX\STM32CubeMX.axf</H1><HR>
<BR><P>#&#060CALLGRAPH&#062# ARM Linker, 6230001: Last Updated: Fri Nov 28 10:40:37 2025
<BR><P>
<H3>Maximum Stack Usage =       2368 bytes + Unknown(Functions without stacksize, Cycles, Untraceable Function Pointers)</H3><H3>
Call chain for Maximum Stack Depth:</H3>
__rt_entry_main &rArr; main &rArr; acc_example_detector_distance &rArr; do_sensor_calibration &rArr; acc_sensor_calibrate &rArr; acc_calibration_a121_calibrate &rArr; acc_cal_algorithms_tx_freq_ctrl &rArr; acc_alg_atan2_q16
<P>
<H3>
Functions with no stack information
</H3><UL>
 <LI><a href="#[db]">__user_initial_stackheap</a>
</UL>
</UL>
<P>
<H3>
Mutually Recursive functions
</H3> <LI><a href="#[1c]">ADC1_IRQHandler</a>&nbsp;&nbsp;&nbsp;&rArr;&nbsp;&nbsp;&nbsp;<a href="#[1c]">ADC1_IRQHandler</a><BR>
 <LI><a href="#[4]">BusFault_Handler</a>&nbsp;&nbsp;&nbsp;&rArr;&nbsp;&nbsp;&nbsp;<a href="#[4]">BusFault_Handler</a><BR>
 <LI><a href="#[2]">HardFault_Handler</a>&nbsp;&nbsp;&nbsp;&rArr;&nbsp;&nbsp;&nbsp;<a href="#[2]">HardFault_Handler</a><BR>
 <LI><a href="#[3]">MemManage_Handler</a>&nbsp;&nbsp;&nbsp;&rArr;&nbsp;&nbsp;&nbsp;<a href="#[3]">MemManage_Handler</a><BR>
 <LI><a href="#[1]">NMI_Handler</a>&nbsp;&nbsp;&nbsp;&rArr;&nbsp;&nbsp;&nbsp;<a href="#[1]">NMI_Handler</a><BR>
 <LI><a href="#[5]">UsageFault_Handler</a>&nbsp;&nbsp;&nbsp;&rArr;&nbsp;&nbsp;&nbsp;<a href="#[5]">UsageFault_Handler</a><BR>
</UL>
<P>
<H3>
Function Pointers
</H3><UL>
 <LI><a href="#[1c]">ADC1_IRQHandler</a> from startup_stm32wb55xx_cm4.o(.text) referenced from startup_stm32wb55xx_cm4.o(RESET)
 <LI><a href="#[3d]">AES1_IRQHandler</a> from startup_stm32wb55xx_cm4.o(.text) referenced from startup_stm32wb55xx_cm4.o(RESET)
 <LI><a href="#[3e]">AES2_IRQHandler</a> from startup_stm32wb55xx_cm4.o(.text) referenced from startup_stm32wb55xx_cm4.o(RESET)
 <LI><a href="#[4]">BusFault_Handler</a> from stm32wbxx_it.o(.text.BusFault_Handler) referenced from startup_stm32wb55xx_cm4.o(RESET)
 <LI><a href="#[1f]">C2SEV_PWR_C2H_IRQHandler</a> from startup_stm32wb55xx_cm4.o(.text) referenced from startup_stm32wb55xx_cm4.o(RESET)
 <LI><a href="#[20]">COMP_IRQHandler</a> from startup_stm32wb55xx_cm4.o(.text) referenced from startup_stm32wb55xx_cm4.o(RESET)
 <LI><a href="#[34]">CRS_IRQHandler</a> from startup_stm32wb55xx_cm4.o(.text) referenced from startup_stm32wb55xx_cm4.o(RESET)
 <LI><a href="#[15]">DMA1_Channel1_IRQHandler</a> from startup_stm32wb55xx_cm4.o(.text) referenced from startup_stm32wb55xx_cm4.o(RESET)
 <LI><a href="#[16]">DMA1_Channel2_IRQHandler</a> from startup_stm32wb55xx_cm4.o(.text) referenced from startup_stm32wb55xx_cm4.o(RESET)
 <LI><a href="#[17]">DMA1_Channel3_IRQHandler</a> from startup_stm32wb55xx_cm4.o(.text) referenced from startup_stm32wb55xx_cm4.o(RESET)
 <LI><a href="#[18]">DMA1_Channel4_IRQHandler</a> from startup_stm32wb55xx_cm4.o(.text) referenced from startup_stm32wb55xx_cm4.o(RESET)
 <LI><a href="#[19]">DMA1_Channel5_IRQHandler</a> from startup_stm32wb55xx_cm4.o(.text) referenced from startup_stm32wb55xx_cm4.o(RESET)
 <LI><a href="#[1a]">DMA1_Channel6_IRQHandler</a> from startup_stm32wb55xx_cm4.o(.text) referenced from startup_stm32wb55xx_cm4.o(RESET)
 <LI><a href="#[1b]">DMA1_Channel7_IRQHandler</a> from startup_stm32wb55xx_cm4.o(.text) referenced from startup_stm32wb55xx_cm4.o(RESET)
 <LI><a href="#[41]">DMA2_Channel1_IRQHandler</a> from startup_stm32wb55xx_cm4.o(.text) referenced from startup_stm32wb55xx_cm4.o(RESET)
 <LI><a href="#[42]">DMA2_Channel2_IRQHandler</a> from startup_stm32wb55xx_cm4.o(.text) referenced from startup_stm32wb55xx_cm4.o(RESET)
 <LI><a href="#[43]">DMA2_Channel3_IRQHandler</a> from startup_stm32wb55xx_cm4.o(.text) referenced from startup_stm32wb55xx_cm4.o(RESET)
 <LI><a href="#[44]">DMA2_Channel4_IRQHandler</a> from startup_stm32wb55xx_cm4.o(.text) referenced from startup_stm32wb55xx_cm4.o(RESET)
 <LI><a href="#[45]">DMA2_Channel5_IRQHandler</a> from startup_stm32wb55xx_cm4.o(.text) referenced from startup_stm32wb55xx_cm4.o(RESET)
 <LI><a href="#[46]">DMA2_Channel6_IRQHandler</a> from startup_stm32wb55xx_cm4.o(.text) referenced from startup_stm32wb55xx_cm4.o(RESET)
 <LI><a href="#[47]">DMA2_Channel7_IRQHandler</a> from startup_stm32wb55xx_cm4.o(.text) referenced from startup_stm32wb55xx_cm4.o(RESET)
 <LI><a href="#[48]">DMAMUX1_OVR_IRQHandler</a> from startup_stm32wb55xx_cm4.o(.text) referenced from startup_stm32wb55xx_cm4.o(RESET)
 <LI><a href="#[7]">DebugMon_Handler</a> from stm32wbxx_it.o(.text.DebugMon_Handler) referenced from startup_stm32wb55xx_cm4.o(RESET)
 <LI><a href="#[10]">EXTI0_IRQHandler</a> from startup_stm32wb55xx_cm4.o(.text) referenced from startup_stm32wb55xx_cm4.o(RESET)
 <LI><a href="#[32]">EXTI15_10_IRQHandler</a> from startup_stm32wb55xx_cm4.o(.text) referenced from startup_stm32wb55xx_cm4.o(RESET)
 <LI><a href="#[11]">EXTI1_IRQHandler</a> from startup_stm32wb55xx_cm4.o(.text) referenced from startup_stm32wb55xx_cm4.o(RESET)
 <LI><a href="#[12]">EXTI2_IRQHandler</a> from startup_stm32wb55xx_cm4.o(.text) referenced from startup_stm32wb55xx_cm4.o(RESET)
 <LI><a href="#[13]">EXTI3_IRQHandler</a> from stm32wbxx_it.o(.text.EXTI3_IRQHandler) referenced from startup_stm32wb55xx_cm4.o(RESET)
 <LI><a href="#[14]">EXTI4_IRQHandler</a> from startup_stm32wb55xx_cm4.o(.text) referenced from startup_stm32wb55xx_cm4.o(RESET)
 <LI><a href="#[21]">EXTI9_5_IRQHandler</a> from startup_stm32wb55xx_cm4.o(.text) referenced from startup_stm32wb55xx_cm4.o(RESET)
 <LI><a href="#[e]">FLASH_IRQHandler</a> from startup_stm32wb55xx_cm4.o(.text) referenced from startup_stm32wb55xx_cm4.o(RESET)
 <LI><a href="#[40]">FPU_IRQHandler</a> from startup_stm32wb55xx_cm4.o(.text) referenced from startup_stm32wb55xx_cm4.o(RESET)
 <LI><a href="#[38]">HSEM_IRQHandler</a> from startup_stm32wb55xx_cm4.o(.text) referenced from startup_stm32wb55xx_cm4.o(RESET)
 <LI><a href="#[2]">HardFault_Handler</a> from stm32wbxx_it.o(.text.HardFault_Handler) referenced from startup_stm32wb55xx_cm4.o(RESET)
 <LI><a href="#[29]">I2C1_ER_IRQHandler</a> from startup_stm32wb55xx_cm4.o(.text) referenced from startup_stm32wb55xx_cm4.o(RESET)
 <LI><a href="#[28]">I2C1_EV_IRQHandler</a> from startup_stm32wb55xx_cm4.o(.text) referenced from startup_stm32wb55xx_cm4.o(RESET)
 <LI><a href="#[2b]">I2C3_ER_IRQHandler</a> from startup_stm32wb55xx_cm4.o(.text) referenced from startup_stm32wb55xx_cm4.o(RESET)
 <LI><a href="#[2a]">I2C3_EV_IRQHandler</a> from startup_stm32wb55xx_cm4.o(.text) referenced from startup_stm32wb55xx_cm4.o(RESET)
 <LI><a href="#[36]">IPCC_C1_RX_IRQHandler</a> from startup_stm32wb55xx_cm4.o(.text) referenced from startup_stm32wb55xx_cm4.o(RESET)
 <LI><a href="#[37]">IPCC_C1_TX_IRQHandler</a> from startup_stm32wb55xx_cm4.o(.text) referenced from startup_stm32wb55xx_cm4.o(RESET)
 <LI><a href="#[3b]">LCD_IRQHandler</a> from startup_stm32wb55xx_cm4.o(.text) referenced from startup_stm32wb55xx_cm4.o(RESET)
 <LI><a href="#[39]">LPTIM1_IRQHandler</a> from startup_stm32wb55xx_cm4.o(.text) referenced from startup_stm32wb55xx_cm4.o(RESET)
 <LI><a href="#[3a]">LPTIM2_IRQHandler</a> from startup_stm32wb55xx_cm4.o(.text) referenced from startup_stm32wb55xx_cm4.o(RESET)
 <LI><a href="#[2f]">LPUART1_IRQHandler</a> from startup_stm32wb55xx_cm4.o(.text) referenced from startup_stm32wb55xx_cm4.o(RESET)
 <LI><a href="#[3]">MemManage_Handler</a> from stm32wbxx_it.o(.text.MemManage_Handler) referenced from startup_stm32wb55xx_cm4.o(RESET)
 <LI><a href="#[1]">NMI_Handler</a> from stm32wbxx_it.o(.text.NMI_Handler) referenced from startup_stm32wb55xx_cm4.o(RESET)
 <LI><a href="#[27]">PKA_IRQHandler</a> from startup_stm32wb55xx_cm4.o(.text) referenced from startup_stm32wb55xx_cm4.o(RESET)
 <LI><a href="#[b]">PVD_PVM_IRQHandler</a> from startup_stm32wb55xx_cm4.o(.text) referenced from startup_stm32wb55xx_cm4.o(RESET)
 <LI><a href="#[35]">PWR_SOTF_BLEACT_802ACT_RFPHASE_IRQHandler</a> from startup_stm32wb55xx_cm4.o(.text) referenced from startup_stm32wb55xx_cm4.o(RESET)
 <LI><a href="#[8]">PendSV_Handler</a> from stm32wbxx_it.o(.text.PendSV_Handler) referenced from startup_stm32wb55xx_cm4.o(RESET)
 <LI><a href="#[3c]">QUADSPI_IRQHandler</a> from startup_stm32wb55xx_cm4.o(.text) referenced from startup_stm32wb55xx_cm4.o(RESET)
 <LI><a href="#[f]">RCC_IRQHandler</a> from startup_stm32wb55xx_cm4.o(.text) referenced from startup_stm32wb55xx_cm4.o(RESET)
 <LI><a href="#[3f]">RNG_IRQHandler</a> from startup_stm32wb55xx_cm4.o(.text) referenced from startup_stm32wb55xx_cm4.o(RESET)
 <LI><a href="#[33]">RTC_Alarm_IRQHandler</a> from startup_stm32wb55xx_cm4.o(.text) referenced from startup_stm32wb55xx_cm4.o(RESET)
 <LI><a href="#[d]">RTC_WKUP_IRQHandler</a> from startup_stm32wb55xx_cm4.o(.text) referenced from startup_stm32wb55xx_cm4.o(RESET)
 <LI><a href="#[0]">Reset_Handler</a> from startup_stm32wb55xx_cm4.o(.text) referenced from startup_stm32wb55xx_cm4.o(RESET)
 <LI><a href="#[30]">SAI1_IRQHandler</a> from startup_stm32wb55xx_cm4.o(.text) referenced from startup_stm32wb55xx_cm4.o(RESET)
 <LI><a href="#[2c]">SPI1_IRQHandler</a> from stm32wbxx_it.o(.text.SPI1_IRQHandler) referenced from startup_stm32wb55xx_cm4.o(RESET)
 <LI><a href="#[2d]">SPI2_IRQHandler</a> from startup_stm32wb55xx_cm4.o(.text) referenced from startup_stm32wb55xx_cm4.o(RESET)
 <LI><a href="#[4f]">SPI_DMAAbortOnError</a> from stm32wbxx_hal_spi.o(.text.SPI_DMAAbortOnError) referenced 2 times from stm32wbxx_hal_spi.o(.text.HAL_SPI_IRQHandler)
 <LI><a href="#[6]">SVC_Handler</a> from stm32wbxx_it.o(.text.SVC_Handler) referenced from startup_stm32wb55xx_cm4.o(RESET)
 <LI><a href="#[9]">SysTick_Handler</a> from stm32wbxx_it.o(.text.SysTick_Handler) referenced from startup_stm32wb55xx_cm4.o(RESET)
 <LI><a href="#[49]">SystemInit</a> from system_stm32wbxx.o(.text.SystemInit) referenced from startup_stm32wb55xx_cm4.o(.text)
 <LI><a href="#[c]">TAMP_STAMP_LSECSS_IRQHandler</a> from startup_stm32wb55xx_cm4.o(.text) referenced from startup_stm32wb55xx_cm4.o(RESET)
 <LI><a href="#[22]">TIM1_BRK_IRQHandler</a> from startup_stm32wb55xx_cm4.o(.text) referenced from startup_stm32wb55xx_cm4.o(RESET)
 <LI><a href="#[25]">TIM1_CC_IRQHandler</a> from startup_stm32wb55xx_cm4.o(.text) referenced from startup_stm32wb55xx_cm4.o(RESET)
 <LI><a href="#[24]">TIM1_TRG_COM_TIM17_IRQHandler</a> from startup_stm32wb55xx_cm4.o(.text) referenced from startup_stm32wb55xx_cm4.o(RESET)
 <LI><a href="#[23]">TIM1_UP_TIM16_IRQHandler</a> from startup_stm32wb55xx_cm4.o(.text) referenced from startup_stm32wb55xx_cm4.o(RESET)
 <LI><a href="#[26]">TIM2_IRQHandler</a> from startup_stm32wb55xx_cm4.o(.text) referenced from startup_stm32wb55xx_cm4.o(RESET)
 <LI><a href="#[31]">TSC_IRQHandler</a> from startup_stm32wb55xx_cm4.o(.text) referenced from startup_stm32wb55xx_cm4.o(RESET)
 <LI><a href="#[2e]">USART1_IRQHandler</a> from startup_stm32wb55xx_cm4.o(.text) referenced from startup_stm32wb55xx_cm4.o(RESET)
 <LI><a href="#[1d]">USB_HP_IRQHandler</a> from startup_stm32wb55xx_cm4.o(.text) referenced from startup_stm32wb55xx_cm4.o(RESET)
 <LI><a href="#[1e]">USB_LP_IRQHandler</a> from startup_stm32wb55xx_cm4.o(.text) referenced from startup_stm32wb55xx_cm4.o(RESET)
 <LI><a href="#[5]">UsageFault_Handler</a> from stm32wbxx_it.o(.text.UsageFault_Handler) referenced from startup_stm32wb55xx_cm4.o(RESET)
 <LI><a href="#[a]">WWDG_IRQHandler</a> from startup_stm32wb55xx_cm4.o(.text) referenced from startup_stm32wb55xx_cm4.o(RESET)
 <LI><a href="#[4a]">__main</a> from __main.o(!!!main) referenced from startup_stm32wb55xx_cm4.o(.text)
 <LI><a href="#[4e]">_get_lc_ctype</a> from lc_ctype_c.o(locale$$code) referenced from rt_ctype_table.o(.text)
 <LI><a href="#[4c]">_printf_input_char</a> from _printf_char_common.o(.text) referenced from _printf_char_common.o(.text)
 <LI><a href="#[4b]">_snputc</a> from _snputc.o(.text) referenced from vsnprintf.o(.text)
 <LI><a href="#[63]">acc_hal_integration_sensor_transfer</a> from acc_hal_integration_stm32cube_xe121_single_sensor.o(.text.acc_hal_integration_sensor_transfer) referenced from acc_hal_integration_stm32cube_xe121_single_sensor.o(.rodata.acc_hal_rss_integration_get_implementation.val)
 <LI><a href="#[64]">acc_integration_log</a> from acc_integration_log.o(.text.acc_integration_log) referenced from acc_hal_integration_stm32cube_xe121_single_sensor.o(.rodata.acc_hal_rss_integration_get_implementation.val)
 <LI><a href="#[50]">acc_sensor_a121_conf_write_instr</a> from acc_sensor_comm_a121.o(.text.acc_sensor_a121_conf_write_instr) referenced 2 times from acc_calibration_a121_cal_session.o(.text.acc_a121_cal_session_start_2_pll_ibias_vfast2_ldo_program)
 <LI><a href="#[50]">acc_sensor_a121_conf_write_instr</a> from acc_sensor_comm_a121.o(.text.acc_sensor_a121_conf_write_instr) referenced 2 times from acc_calibration_a121_cal_session.o(.text.acc_a121_cal_session_start_3_delay_cbank_program)
 <LI><a href="#[50]">acc_sensor_a121_conf_write_instr</a> from acc_sensor_comm_a121.o(.text.acc_sensor_a121_conf_write_instr) referenced 2 times from acc_calibration_a121_cal_session.o(.text.acc_a121_cal_session_start_5_area_index_program)
 <LI><a href="#[50]">acc_sensor_a121_conf_write_instr</a> from acc_sensor_comm_a121.o(.text.acc_sensor_a121_conf_write_instr) referenced 2 times from acc_calibration_a121_cal_session.o(.text.acc_a121_cal_session_start_6_tx_freq_program)
 <LI><a href="#[50]">acc_sensor_a121_conf_write_instr</a> from acc_sensor_comm_a121.o(.text.acc_sensor_a121_conf_write_instr) referenced 2 times from acc_calibration_a121_cal_session.o(.text.acc_a121_cal_session_start_7_rx_freq_program)
 <LI><a href="#[50]">acc_sensor_a121_conf_write_instr</a> from acc_sensor_comm_a121.o(.text.acc_sensor_a121_conf_write_instr) referenced 2 times from acc_calibration_a121_cal_session.o(.text.acc_a121_cal_session_start_8_phase_enhancement_program)
 <LI><a href="#[60]">data_callback</a> from acc_processing.o(.text.data_callback) referenced 2 times from acc_processing.o(.text.acc_processing_create)
 <LI><a href="#[51]">element_frame_aux_event</a> from acc_element_frame_aux.o(.text.element_frame_aux_event) referenced 2 times from acc_element_frame_aux.o(.text.acc_element_frame_aux_init)
 <LI><a href="#[53]">element_frame_aux_reset</a> from acc_element_frame_aux.o(.text.element_frame_aux_reset) referenced 2 times from acc_element_frame_aux.o(.text.acc_element_frame_aux_init)
 <LI><a href="#[52]">element_frame_aux_validate</a> from acc_element_frame_aux.o(.text.element_frame_aux_validate) referenced 2 times from acc_element_frame_aux.o(.text.acc_element_frame_aux_init)
 <LI><a href="#[57]">element_frame_callback</a> from acc_element_frame.o(.text.element_frame_callback) referenced 2 times from acc_element_frame.o(.text.acc_element_frame_init)
 <LI><a href="#[54]">element_frame_event</a> from acc_element_frame.o(.text.element_frame_event) referenced 2 times from acc_element_frame.o(.text.acc_element_frame_init)
 <LI><a href="#[56]">element_frame_reset</a> from acc_element_frame.o(.text.element_frame_reset) referenced 2 times from acc_element_frame.o(.text.acc_element_frame_init)
 <LI><a href="#[55]">element_frame_validate</a> from acc_element_frame.o(.text.element_frame_validate) referenced 2 times from acc_element_frame.o(.text.acc_element_frame_init)
 <LI><a href="#[58]">element_phase_enh_iq_imb_com_event</a> from acc_element_phase_enh_iq_imb_comp.o(.text.element_phase_enh_iq_imb_com_event) referenced 2 times from acc_element_phase_enh_iq_imb_comp.o(.text.acc_element_phase_enh_iq_imb_comp_init)
 <LI><a href="#[5a]">element_phase_enh_iq_imb_com_reset</a> from acc_element_phase_enh_iq_imb_comp.o(.text.element_phase_enh_iq_imb_com_reset) referenced 2 times from acc_element_phase_enh_iq_imb_comp.o(.text.acc_element_phase_enh_iq_imb_comp_init)
 <LI><a href="#[59]">element_phase_enh_iq_imb_com_validate</a> from acc_element_phase_enh_iq_imb_comp.o(.text.element_phase_enh_iq_imb_com_validate) referenced 2 times from acc_element_phase_enh_iq_imb_comp.o(.text.acc_element_phase_enh_iq_imb_comp_init)
 <LI><a href="#[4d]">fputc</a> from fputc.o(i.fputc) referenced from _printf_char_file.o(.text)
 <LI><a href="#[62]">free</a> from h1_free.o(.text) referenced from acc_hal_integration_stm32cube_xe121_single_sensor.o(.rodata.acc_hal_rss_integration_get_implementation.val)
 <LI><a href="#[61]">malloc</a> from h1_alloc.o(.text) referenced from acc_hal_integration_stm32cube_xe121_single_sensor.o(.rodata.acc_hal_rss_integration_get_implementation.val)
 <LI><a href="#[5f]">pipeline_a121_disassemble</a> from acc_pipeline_a121.o(.text.pipeline_a121_disassemble) referenced 2 times from acc_pipeline_a121.o(.text.acc_pipeline_a121_assemble)
 <LI><a href="#[5e]">pipeline_a121_produce</a> from acc_pipeline_a121.o(.text.pipeline_a121_produce) referenced 2 times from acc_pipeline_a121.o(.text.acc_pipeline_a121_assemble)
 <LI><a href="#[5b]">sink_a121_callback_consume</a> from acc_element_sink_a121_callback.o(.text.sink_a121_callback_consume) referenced 2 times from acc_element_sink_a121_callback.o(.text.acc_element_sink_a121_callback_init)
 <LI><a href="#[5d]">sink_a121_callback_reset</a> from acc_element_sink_a121_callback.o(.text.sink_a121_callback_reset) referenced 2 times from acc_element_sink_a121_callback.o(.text.acc_element_sink_a121_callback_init)
 <LI><a href="#[5c]">sink_a121_callback_validate</a> from acc_element_sink_a121_callback.o(.text.sink_a121_callback_validate) referenced 2 times from acc_element_sink_a121_callback.o(.text.acc_element_sink_a121_callback_init)
</UL>
<P>
<H3>
Global Symbols
</H3>
<P><STRONG><a name="[4a]"></a>__main</STRONG> (Thumb, 8 bytes, Stack size 0 bytes, __main.o(!!!main))
<BR><BR>[Calls]<UL><LI><a href="#[66]">&gt;&gt;</a>&nbsp;&nbsp;&nbsp;__rt_entry
<LI><a href="#[65]">&gt;&gt;</a>&nbsp;&nbsp;&nbsp;__scatterload
</UL>
<BR>[Address Reference Count : 1]<UL><LI> startup_stm32wb55xx_cm4.o(.text)
</UL>
<P><STRONG><a name="[65]"></a>__scatterload</STRONG> (Thumb, 0 bytes, Stack size unknown bytes, __scatter.o(!!!scatter))
<BR><BR>[Called By]<UL><LI><a href="#[4a]">&gt;&gt;</a>&nbsp;&nbsp;&nbsp;__main
</UL>

<P><STRONG><a name="[67]"></a>__scatterload_rt2</STRONG> (Thumb, 84 bytes, Stack size unknown bytes, __scatter.o(!!!scatter), UNUSED)
<BR><BR>[Calls]<UL><LI><a href="#[66]">&gt;&gt;</a>&nbsp;&nbsp;&nbsp;__rt_entry
</UL>

<P><STRONG><a name="[26e]"></a>__scatterload_rt2_thumb_only</STRONG> (Thumb, 0 bytes, Stack size unknown bytes, __scatter.o(!!!scatter), UNUSED)

<P><STRONG><a name="[26f]"></a>__scatterload_loop</STRONG> (Thumb, 0 bytes, Stack size unknown bytes, __scatter.o(!!!scatter), UNUSED)

<P><STRONG><a name="[270]"></a>__decompress</STRONG> (Thumb, 58 bytes, Stack size unknown bytes, __dczerorl.o(!!dczerorl), UNUSED)

<P><STRONG><a name="[271]"></a>__decompress0</STRONG> (Thumb, 0 bytes, Stack size unknown bytes, __dczerorl.o(!!dczerorl), UNUSED)

<P><STRONG><a name="[272]"></a>__scatterload_null</STRONG> (Thumb, 2 bytes, Stack size unknown bytes, __scatter.o(!!handler_null), UNUSED)

<P><STRONG><a name="[273]"></a>__scatterload_zeroinit</STRONG> (Thumb, 28 bytes, Stack size unknown bytes, __scatter_zi.o(!!handler_zi), UNUSED)

<P><STRONG><a name="[68]"></a>_printf_n</STRONG> (Thumb, 0 bytes, Stack size unknown bytes, _printf_n.o(.ARM.Collect$$_printf_percent$$00000001))
<BR><BR>[Calls]<UL><LI><a href="#[69]">&gt;&gt;</a>&nbsp;&nbsp;&nbsp;_printf_charcount
</UL>

<P><STRONG><a name="[b0]"></a>_printf_percent</STRONG> (Thumb, 0 bytes, Stack size unknown bytes, _printf_percent.o(.ARM.Collect$$_printf_percent$$00000000))
<BR><BR>[Called By]<UL><LI><a href="#[ae]">&gt;&gt;</a>&nbsp;&nbsp;&nbsp;__printf
</UL>

<P><STRONG><a name="[6a]"></a>_printf_p</STRONG> (Thumb, 0 bytes, Stack size unknown bytes, _printf_p.o(.ARM.Collect$$_printf_percent$$00000002))
<BR><BR>[Stack]<UL><LI>Max Depth = 64 + Unknown Stack Size
<LI>Call Chain = _printf_p &rArr; _printf_hex_ptr &rArr; _printf_longlong_hex &rArr; _printf_int_common &rArr; _printf_post_padding
</UL>
<BR>[Calls]<UL><LI><a href="#[6b]">&gt;&gt;</a>&nbsp;&nbsp;&nbsp;_printf_hex_ptr
</UL>

<P><STRONG><a name="[6c]"></a>_printf_f</STRONG> (Thumb, 0 bytes, Stack size unknown bytes, _printf_f.o(.ARM.Collect$$_printf_percent$$00000003))
<BR><BR>[Stack]<UL><LI>Max Depth = 324 + Unknown Stack Size
<LI>Call Chain = _printf_f &rArr; _printf_fp_dec &rArr; _printf_fp_dec_real &rArr; _fp_digits &rArr; _btod_etento &rArr; _btod_emul &rArr; _e2e
</UL>
<BR>[Calls]<UL><LI><a href="#[6d]">&gt;&gt;</a>&nbsp;&nbsp;&nbsp;_printf_fp_dec
</UL>

<P><STRONG><a name="[6e]"></a>_printf_e</STRONG> (Thumb, 0 bytes, Stack size unknown bytes, _printf_e.o(.ARM.Collect$$_printf_percent$$00000004))
<BR><BR>[Stack]<UL><LI>Max Depth = 324 + Unknown Stack Size
<LI>Call Chain = _printf_e &rArr; _printf_fp_dec &rArr; _printf_fp_dec_real &rArr; _fp_digits &rArr; _btod_etento &rArr; _btod_emul &rArr; _e2e
</UL>
<BR>[Calls]<UL><LI><a href="#[6d]">&gt;&gt;</a>&nbsp;&nbsp;&nbsp;_printf_fp_dec
</UL>

<P><STRONG><a name="[6f]"></a>_printf_g</STRONG> (Thumb, 0 bytes, Stack size unknown bytes, _printf_g.o(.ARM.Collect$$_printf_percent$$00000005))
<BR><BR>[Stack]<UL><LI>Max Depth = 324 + Unknown Stack Size
<LI>Call Chain = _printf_g &rArr; _printf_fp_dec &rArr; _printf_fp_dec_real &rArr; _fp_digits &rArr; _btod_etento &rArr; _btod_emul &rArr; _e2e
</UL>
<BR>[Calls]<UL><LI><a href="#[6d]">&gt;&gt;</a>&nbsp;&nbsp;&nbsp;_printf_fp_dec
</UL>

<P><STRONG><a name="[70]"></a>_printf_a</STRONG> (Thumb, 0 bytes, Stack size unknown bytes, _printf_a.o(.ARM.Collect$$_printf_percent$$00000006))
<BR><BR>[Stack]<UL><LI>Max Depth = 112 + Unknown Stack Size
<LI>Call Chain = _printf_a &rArr; _printf_fp_hex &rArr; _printf_fp_hex_real &rArr; _printf_fp_infnan &rArr; _printf_post_padding
</UL>
<BR>[Calls]<UL><LI><a href="#[71]">&gt;&gt;</a>&nbsp;&nbsp;&nbsp;_printf_fp_hex
</UL>

<P><STRONG><a name="[274]"></a>_printf_ll</STRONG> (Thumb, 0 bytes, Stack size unknown bytes, _printf_ll.o(.ARM.Collect$$_printf_percent$$00000007))

<P><STRONG><a name="[72]"></a>_printf_i</STRONG> (Thumb, 0 bytes, Stack size unknown bytes, _printf_i.o(.ARM.Collect$$_printf_percent$$00000008))
<BR><BR>[Stack]<UL><LI>Max Depth = 72 + Unknown Stack Size
<LI>Call Chain = _printf_i &rArr; _printf_int_dec &rArr; _printf_int_common &rArr; _printf_post_padding
</UL>
<BR>[Calls]<UL><LI><a href="#[73]">&gt;&gt;</a>&nbsp;&nbsp;&nbsp;_printf_int_dec
</UL>

<P><STRONG><a name="[74]"></a>_printf_d</STRONG> (Thumb, 0 bytes, Stack size unknown bytes, _printf_d.o(.ARM.Collect$$_printf_percent$$00000009))
<BR><BR>[Stack]<UL><LI>Max Depth = 72 + Unknown Stack Size
<LI>Call Chain = _printf_d &rArr; _printf_int_dec &rArr; _printf_int_common &rArr; _printf_post_padding
</UL>
<BR>[Calls]<UL><LI><a href="#[73]">&gt;&gt;</a>&nbsp;&nbsp;&nbsp;_printf_int_dec
</UL>

<P><STRONG><a name="[75]"></a>_printf_u</STRONG> (Thumb, 0 bytes, Stack size unknown bytes, _printf_u.o(.ARM.Collect$$_printf_percent$$0000000A))
<BR><BR>[Stack]<UL><LI>Max Depth = 72 + Unknown Stack Size
<LI>Call Chain = _printf_u &rArr; _printf_int_dec &rArr; _printf_int_common &rArr; _printf_post_padding
</UL>
<BR>[Calls]<UL><LI><a href="#[73]">&gt;&gt;</a>&nbsp;&nbsp;&nbsp;_printf_int_dec
</UL>

<P><STRONG><a name="[76]"></a>_printf_o</STRONG> (Thumb, 0 bytes, Stack size unknown bytes, _printf_o.o(.ARM.Collect$$_printf_percent$$0000000B))
<BR><BR>[Stack]<UL><LI>Max Depth = 64 + Unknown Stack Size
<LI>Call Chain = _printf_o &rArr; _printf_int_oct &rArr; _printf_longlong_oct &rArr; _printf_int_common &rArr; _printf_post_padding
</UL>
<BR>[Calls]<UL><LI><a href="#[77]">&gt;&gt;</a>&nbsp;&nbsp;&nbsp;_printf_int_oct
</UL>

<P><STRONG><a name="[78]"></a>_printf_x</STRONG> (Thumb, 0 bytes, Stack size unknown bytes, _printf_x.o(.ARM.Collect$$_printf_percent$$0000000C))
<BR><BR>[Stack]<UL><LI>Max Depth = 80 + Unknown Stack Size
<LI>Call Chain = _printf_x &rArr; _printf_int_hex &rArr; _printf_longlong_hex &rArr; _printf_int_common &rArr; _printf_post_padding
</UL>
<BR>[Calls]<UL><LI><a href="#[79]">&gt;&gt;</a>&nbsp;&nbsp;&nbsp;_printf_int_hex
</UL>

<P><STRONG><a name="[7a]"></a>_printf_lli</STRONG> (Thumb, 0 bytes, Stack size unknown bytes, _printf_lli.o(.ARM.Collect$$_printf_percent$$0000000D))
<BR><BR>[Stack]<UL><LI>Max Depth = 72 + Unknown Stack Size
<LI>Call Chain = _printf_lli &rArr; _printf_longlong_dec &rArr; _printf_int_common &rArr; _printf_post_padding
</UL>
<BR>[Calls]<UL><LI><a href="#[7b]">&gt;&gt;</a>&nbsp;&nbsp;&nbsp;_printf_longlong_dec
</UL>

<P><STRONG><a name="[7c]"></a>_printf_lld</STRONG> (Thumb, 0 bytes, Stack size unknown bytes, _printf_lld.o(.ARM.Collect$$_printf_percent$$0000000E))
<BR><BR>[Stack]<UL><LI>Max Depth = 72 + Unknown Stack Size
<LI>Call Chain = _printf_lld &rArr; _printf_longlong_dec &rArr; _printf_int_common &rArr; _printf_post_padding
</UL>
<BR>[Calls]<UL><LI><a href="#[7b]">&gt;&gt;</a>&nbsp;&nbsp;&nbsp;_printf_longlong_dec
</UL>

<P><STRONG><a name="[7d]"></a>_printf_llu</STRONG> (Thumb, 0 bytes, Stack size unknown bytes, _printf_llu.o(.ARM.Collect$$_printf_percent$$0000000F))
<BR><BR>[Stack]<UL><LI>Max Depth = 72 + Unknown Stack Size
<LI>Call Chain = _printf_llu &rArr; _printf_longlong_dec &rArr; _printf_int_common &rArr; _printf_post_padding
</UL>
<BR>[Calls]<UL><LI><a href="#[7b]">&gt;&gt;</a>&nbsp;&nbsp;&nbsp;_printf_longlong_dec
</UL>

<P><STRONG><a name="[7e]"></a>_printf_llo</STRONG> (Thumb, 0 bytes, Stack size unknown bytes, _printf_llo.o(.ARM.Collect$$_printf_percent$$00000010))
<BR><BR>[Stack]<UL><LI>Max Depth = 56 + Unknown Stack Size
<LI>Call Chain = _printf_llo &rArr; _printf_ll_oct &rArr; _printf_longlong_oct &rArr; _printf_int_common &rArr; _printf_post_padding
</UL>
<BR>[Calls]<UL><LI><a href="#[7f]">&gt;&gt;</a>&nbsp;&nbsp;&nbsp;_printf_ll_oct
</UL>

<P><STRONG><a name="[80]"></a>_printf_llx</STRONG> (Thumb, 0 bytes, Stack size unknown bytes, _printf_llx.o(.ARM.Collect$$_printf_percent$$00000011))
<BR><BR>[Stack]<UL><LI>Max Depth = 64 + Unknown Stack Size
<LI>Call Chain = _printf_llx &rArr; _printf_ll_hex &rArr; _printf_longlong_hex &rArr; _printf_int_common &rArr; _printf_post_padding
</UL>
<BR>[Calls]<UL><LI><a href="#[81]">&gt;&gt;</a>&nbsp;&nbsp;&nbsp;_printf_ll_hex
</UL>

<P><STRONG><a name="[275]"></a>_printf_l</STRONG> (Thumb, 0 bytes, Stack size unknown bytes, _printf_l.o(.ARM.Collect$$_printf_percent$$00000012))

<P><STRONG><a name="[82]"></a>_printf_c</STRONG> (Thumb, 0 bytes, Stack size unknown bytes, _printf_c.o(.ARM.Collect$$_printf_percent$$00000013))
<BR><BR>[Stack]<UL><LI>Max Depth = 40 + Unknown Stack Size
<LI>Call Chain = _printf_c &rArr; _printf_char &rArr; _printf_cs_common &rArr; _printf_str &rArr; _printf_post_padding
</UL>
<BR>[Calls]<UL><LI><a href="#[83]">&gt;&gt;</a>&nbsp;&nbsp;&nbsp;_printf_char
</UL>

<P><STRONG><a name="[84]"></a>_printf_s</STRONG> (Thumb, 0 bytes, Stack size unknown bytes, _printf_s.o(.ARM.Collect$$_printf_percent$$00000014))
<BR><BR>[Stack]<UL><LI>Max Depth = 40 + Unknown Stack Size
<LI>Call Chain = _printf_s &rArr; _printf_string &rArr; _printf_cs_common &rArr; _printf_str &rArr; _printf_post_padding
</UL>
<BR>[Calls]<UL><LI><a href="#[85]">&gt;&gt;</a>&nbsp;&nbsp;&nbsp;_printf_string
</UL>

<P><STRONG><a name="[86]"></a>_printf_lc</STRONG> (Thumb, 0 bytes, Stack size unknown bytes, _printf_lc.o(.ARM.Collect$$_printf_percent$$00000015))
<BR><BR>[Stack]<UL><LI>Max Depth = 88 + Unknown Stack Size
<LI>Call Chain = _printf_lc &rArr; _printf_wchar &rArr; _printf_lcs_common &rArr; _printf_wctomb &rArr; _wcrtomb
</UL>
<BR>[Calls]<UL><LI><a href="#[87]">&gt;&gt;</a>&nbsp;&nbsp;&nbsp;_printf_wchar
</UL>

<P><STRONG><a name="[88]"></a>_printf_ls</STRONG> (Thumb, 0 bytes, Stack size unknown bytes, _printf_ls.o(.ARM.Collect$$_printf_percent$$00000016))
<BR><BR>[Stack]<UL><LI>Max Depth = 88 + Unknown Stack Size
<LI>Call Chain = _printf_ls &rArr; _printf_wstring &rArr; _printf_lcs_common &rArr; _printf_wctomb &rArr; _wcrtomb
</UL>
<BR>[Calls]<UL><LI><a href="#[89]">&gt;&gt;</a>&nbsp;&nbsp;&nbsp;_printf_wstring
</UL>

<P><STRONG><a name="[276]"></a>_printf_percent_end</STRONG> (Thumb, 0 bytes, Stack size unknown bytes, _printf_percent_end.o(.ARM.Collect$$_printf_percent$$00000017))

<P><STRONG><a name="[9a]"></a>__rt_lib_init</STRONG> (Thumb, 0 bytes, Stack size unknown bytes, libinit.o(.ARM.Collect$$libinit$$00000000))
<BR><BR>[Called By]<UL><LI><a href="#[99]">&gt;&gt;</a>&nbsp;&nbsp;&nbsp;__rt_entry_li
</UL>

<P><STRONG><a name="[8a]"></a>__rt_lib_init_fp_1</STRONG> (Thumb, 0 bytes, Stack size unknown bytes, libinit2.o(.ARM.Collect$$libinit$$00000001))
<BR><BR>[Calls]<UL><LI><a href="#[8b]">&gt;&gt;</a>&nbsp;&nbsp;&nbsp;_fp_init
</UL>

<P><STRONG><a name="[8c]"></a>__rt_lib_init_heap_2</STRONG> (Thumb, 0 bytes, Stack size unknown bytes, libinit2.o(.ARM.Collect$$libinit$$00000007))
<BR><BR>[Stack]<UL><LI>Max Depth = 64 + Unknown Stack Size
<LI>Call Chain = __rt_lib_init_heap_2 &rArr; _init_alloc &rArr; __rt_SIGRTMEM &rArr; __rt_SIGRTMEM_inner &rArr; __default_signal_display &rArr; _ttywrch
</UL>
<BR>[Calls]<UL><LI><a href="#[8d]">&gt;&gt;</a>&nbsp;&nbsp;&nbsp;_init_alloc
</UL>

<P><STRONG><a name="[277]"></a>__rt_lib_init_preinit_1</STRONG> (Thumb, 0 bytes, Stack size unknown bytes, libinit2.o(.ARM.Collect$$libinit$$00000006))

<P><STRONG><a name="[278]"></a>__rt_lib_init_relocate_pie_1</STRONG> (Thumb, 0 bytes, Stack size unknown bytes, libinit2.o(.ARM.Collect$$libinit$$00000004))

<P><STRONG><a name="[279]"></a>__rt_lib_init_heap_1</STRONG> (Thumb, 0 bytes, Stack size unknown bytes, libinit2.o(.ARM.Collect$$libinit$$0000000C))

<P><STRONG><a name="[8e]"></a>__rt_lib_init_lc_common</STRONG> (Thumb, 0 bytes, Stack size unknown bytes, libinit2.o(.ARM.Collect$$libinit$$00000011))
<BR><BR>[Calls]<UL><LI><a href="#[8f]">&gt;&gt;</a>&nbsp;&nbsp;&nbsp;__rt_locale
</UL>

<P><STRONG><a name="[27a]"></a>__rt_lib_init_rand_1</STRONG> (Thumb, 0 bytes, Stack size unknown bytes, libinit2.o(.ARM.Collect$$libinit$$00000010))

<P><STRONG><a name="[27b]"></a>__rt_lib_init_user_alloc_1</STRONG> (Thumb, 0 bytes, Stack size unknown bytes, libinit2.o(.ARM.Collect$$libinit$$0000000E))

<P><STRONG><a name="[27c]"></a>__rt_lib_init_lc_collate_1</STRONG> (Thumb, 0 bytes, Stack size unknown bytes, libinit2.o(.ARM.Collect$$libinit$$00000013))

<P><STRONG><a name="[90]"></a>__rt_lib_init_lc_ctype_2</STRONG> (Thumb, 0 bytes, Stack size unknown bytes, libinit2.o(.ARM.Collect$$libinit$$00000014))
<BR><BR>[Stack]<UL><LI>Max Depth = 16 + Unknown Stack Size
<LI>Call Chain = __rt_lib_init_lc_ctype_2 &rArr; _get_lc_ctype &rArr; strcmp
</UL>
<BR>[Calls]<UL><LI><a href="#[4e]">&gt;&gt;</a>&nbsp;&nbsp;&nbsp;_get_lc_ctype
</UL>

<P><STRONG><a name="[27d]"></a>__rt_lib_init_lc_ctype_1</STRONG> (Thumb, 0 bytes, Stack size unknown bytes, libinit2.o(.ARM.Collect$$libinit$$00000015))

<P><STRONG><a name="[27e]"></a>__rt_lib_init_lc_monetary_1</STRONG> (Thumb, 0 bytes, Stack size unknown bytes, libinit2.o(.ARM.Collect$$libinit$$00000017))

<P><STRONG><a name="[91]"></a>__rt_lib_init_lc_numeric_2</STRONG> (Thumb, 0 bytes, Stack size unknown bytes, libinit2.o(.ARM.Collect$$libinit$$00000018))
<BR><BR>[Stack]<UL><LI>Max Depth = 16 + Unknown Stack Size
<LI>Call Chain = __rt_lib_init_lc_numeric_2 &rArr; _get_lc_numeric &rArr; strcmp
</UL>
<BR>[Calls]<UL><LI><a href="#[92]">&gt;&gt;</a>&nbsp;&nbsp;&nbsp;_get_lc_numeric
</UL>

<P><STRONG><a name="[27f]"></a>__rt_lib_init_atexit_1</STRONG> (Thumb, 0 bytes, Stack size unknown bytes, libinit2.o(.ARM.Collect$$libinit$$0000001D))

<P><STRONG><a name="[280]"></a>__rt_lib_init_clock_1</STRONG> (Thumb, 0 bytes, Stack size unknown bytes, libinit2.o(.ARM.Collect$$libinit$$00000023))

<P><STRONG><a name="[281]"></a>__rt_lib_init_fp_trap_1</STRONG> (Thumb, 0 bytes, Stack size unknown bytes, libinit2.o(.ARM.Collect$$libinit$$00000021))

<P><STRONG><a name="[282]"></a>__rt_lib_init_getenv_1</STRONG> (Thumb, 0 bytes, Stack size unknown bytes, libinit2.o(.ARM.Collect$$libinit$$00000025))

<P><STRONG><a name="[283]"></a>__rt_lib_init_lc_numeric_1</STRONG> (Thumb, 0 bytes, Stack size unknown bytes, libinit2.o(.ARM.Collect$$libinit$$00000019))

<P><STRONG><a name="[284]"></a>__rt_lib_init_lc_time_1</STRONG> (Thumb, 0 bytes, Stack size unknown bytes, libinit2.o(.ARM.Collect$$libinit$$0000001B))

<P><STRONG><a name="[285]"></a>__rt_lib_init_signal_1</STRONG> (Thumb, 0 bytes, Stack size unknown bytes, libinit2.o(.ARM.Collect$$libinit$$0000001F))

<P><STRONG><a name="[93]"></a>__rt_lib_init_stdio_2</STRONG> (Thumb, 0 bytes, Stack size unknown bytes, libinit2.o(.ARM.Collect$$libinit$$00000026))
<BR><BR>[Stack]<UL><LI>Max Depth = 152 + Unknown Stack Size
<LI>Call Chain = __rt_lib_init_stdio_2 &rArr; _initio &rArr; freopen &rArr; _fclose_internal &rArr; _fflush &rArr; _writebuf &rArr; _sys_write
</UL>
<BR>[Calls]<UL><LI><a href="#[94]">&gt;&gt;</a>&nbsp;&nbsp;&nbsp;_initio
</UL>

<P><STRONG><a name="[286]"></a>__rt_lib_init_alloca_1</STRONG> (Thumb, 0 bytes, Stack size unknown bytes, libinit2.o(.ARM.Collect$$libinit$$00000030))

<P><STRONG><a name="[287]"></a>__rt_lib_init_argv_1</STRONG> (Thumb, 0 bytes, Stack size unknown bytes, libinit2.o(.ARM.Collect$$libinit$$0000002E))

<P><STRONG><a name="[288]"></a>__rt_lib_init_cpp_1</STRONG> (Thumb, 0 bytes, Stack size unknown bytes, libinit2.o(.ARM.Collect$$libinit$$00000034))

<P><STRONG><a name="[289]"></a>__rt_lib_init_exceptions_1</STRONG> (Thumb, 0 bytes, Stack size unknown bytes, libinit2.o(.ARM.Collect$$libinit$$00000032))

<P><STRONG><a name="[28a]"></a>__rt_lib_init_return</STRONG> (Thumb, 0 bytes, Stack size unknown bytes, libinit2.o(.ARM.Collect$$libinit$$00000035))

<P><STRONG><a name="[28b]"></a>__rt_lib_init_stdio_1</STRONG> (Thumb, 0 bytes, Stack size unknown bytes, libinit2.o(.ARM.Collect$$libinit$$00000027))

<P><STRONG><a name="[9f]"></a>__rt_lib_shutdown</STRONG> (Thumb, 0 bytes, Stack size unknown bytes, libshutdown.o(.ARM.Collect$$libshutdown$$00000000))
<BR><BR>[Called By]<UL><LI><a href="#[9e]">&gt;&gt;</a>&nbsp;&nbsp;&nbsp;__rt_exit_ls
</UL>

<P><STRONG><a name="[28c]"></a>__rt_lib_shutdown_cpp_1</STRONG> (Thumb, 0 bytes, Stack size unknown bytes, libshutdown2.o(.ARM.Collect$$libshutdown$$00000002))

<P><STRONG><a name="[95]"></a>__rt_lib_shutdown_stdio_2</STRONG> (Thumb, 0 bytes, Stack size unknown bytes, libshutdown2.o(.ARM.Collect$$libshutdown$$00000003))
<BR><BR>[Stack]<UL><LI>Max Depth = 136 + Unknown Stack Size
<LI>Call Chain = __rt_lib_shutdown_stdio_2 &rArr; _terminateio &rArr; _fclose_internal &rArr; _fflush &rArr; _writebuf &rArr; _sys_write
</UL>
<BR>[Calls]<UL><LI><a href="#[96]">&gt;&gt;</a>&nbsp;&nbsp;&nbsp;_terminateio
</UL>

<P><STRONG><a name="[28d]"></a>__rt_lib_shutdown_fp_trap_1</STRONG> (Thumb, 0 bytes, Stack size unknown bytes, libshutdown2.o(.ARM.Collect$$libshutdown$$00000007))

<P><STRONG><a name="[28e]"></a>__rt_lib_shutdown_heap_1</STRONG> (Thumb, 0 bytes, Stack size unknown bytes, libshutdown2.o(.ARM.Collect$$libshutdown$$0000000F))

<P><STRONG><a name="[28f]"></a>__rt_lib_shutdown_return</STRONG> (Thumb, 0 bytes, Stack size unknown bytes, libshutdown2.o(.ARM.Collect$$libshutdown$$00000010))

<P><STRONG><a name="[290]"></a>__rt_lib_shutdown_signal_1</STRONG> (Thumb, 0 bytes, Stack size unknown bytes, libshutdown2.o(.ARM.Collect$$libshutdown$$0000000A))

<P><STRONG><a name="[291]"></a>__rt_lib_shutdown_stdio_1</STRONG> (Thumb, 0 bytes, Stack size unknown bytes, libshutdown2.o(.ARM.Collect$$libshutdown$$00000004))

<P><STRONG><a name="[292]"></a>__rt_lib_shutdown_user_alloc_1</STRONG> (Thumb, 0 bytes, Stack size unknown bytes, libshutdown2.o(.ARM.Collect$$libshutdown$$0000000C))

<P><STRONG><a name="[66]"></a>__rt_entry</STRONG> (Thumb, 0 bytes, Stack size unknown bytes, __rtentry.o(.ARM.Collect$$rtentry$$00000000))
<BR><BR>[Called By]<UL><LI><a href="#[4a]">&gt;&gt;</a>&nbsp;&nbsp;&nbsp;__main
<LI><a href="#[67]">&gt;&gt;</a>&nbsp;&nbsp;&nbsp;__scatterload_rt2
</UL>

<P><STRONG><a name="[293]"></a>__rt_entry_presh_1</STRONG> (Thumb, 0 bytes, Stack size unknown bytes, __rtentry2.o(.ARM.Collect$$rtentry$$00000002))

<P><STRONG><a name="[97]"></a>__rt_entry_sh</STRONG> (Thumb, 0 bytes, Stack size unknown bytes, __rtentry4.o(.ARM.Collect$$rtentry$$00000004))
<BR><BR>[Stack]<UL><LI>Max Depth = 8 + Unknown Stack Size
<LI>Call Chain = __rt_entry_sh &rArr; __user_setup_stackheap
</UL>
<BR>[Calls]<UL><LI><a href="#[98]">&gt;&gt;</a>&nbsp;&nbsp;&nbsp;__user_setup_stackheap
</UL>

<P><STRONG><a name="[99]"></a>__rt_entry_li</STRONG> (Thumb, 0 bytes, Stack size unknown bytes, __rtentry2.o(.ARM.Collect$$rtentry$$0000000A))
<BR><BR>[Calls]<UL><LI><a href="#[9a]">&gt;&gt;</a>&nbsp;&nbsp;&nbsp;__rt_lib_init
</UL>

<P><STRONG><a name="[294]"></a>__rt_entry_postsh_1</STRONG> (Thumb, 0 bytes, Stack size unknown bytes, __rtentry2.o(.ARM.Collect$$rtentry$$00000009))

<P><STRONG><a name="[9b]"></a>__rt_entry_main</STRONG> (Thumb, 0 bytes, Stack size unknown bytes, __rtentry2.o(.ARM.Collect$$rtentry$$0000000D))
<BR><BR>[Stack]<UL><LI>Max Depth = 2368 + Unknown Stack Size
<LI>Call Chain = __rt_entry_main &rArr; main &rArr; acc_example_detector_distance &rArr; do_sensor_calibration &rArr; acc_sensor_calibrate &rArr; acc_calibration_a121_calibrate &rArr; acc_cal_algorithms_tx_freq_ctrl &rArr; acc_alg_atan2_q16
</UL>
<BR>[Calls]<UL><LI><a href="#[9c]">&gt;&gt;</a>&nbsp;&nbsp;&nbsp;main
<LI><a href="#[9d]">&gt;&gt;</a>&nbsp;&nbsp;&nbsp;exit
</UL>

<P><STRONG><a name="[295]"></a>__rt_entry_postli_1</STRONG> (Thumb, 0 bytes, Stack size unknown bytes, __rtentry2.o(.ARM.Collect$$rtentry$$0000000C))

<P><STRONG><a name="[e7]"></a>__rt_exit</STRONG> (Thumb, 0 bytes, Stack size unknown bytes, rtexit.o(.ARM.Collect$$rtexit$$00000000))
<BR><BR>[Called By]<UL><LI><a href="#[9d]">&gt;&gt;</a>&nbsp;&nbsp;&nbsp;exit
</UL>

<P><STRONG><a name="[9e]"></a>__rt_exit_ls</STRONG> (Thumb, 0 bytes, Stack size unknown bytes, rtexit2.o(.ARM.Collect$$rtexit$$00000003))
<BR><BR>[Calls]<UL><LI><a href="#[9f]">&gt;&gt;</a>&nbsp;&nbsp;&nbsp;__rt_lib_shutdown
</UL>

<P><STRONG><a name="[296]"></a>__rt_exit_prels_1</STRONG> (Thumb, 0 bytes, Stack size unknown bytes, rtexit2.o(.ARM.Collect$$rtexit$$00000002))

<P><STRONG><a name="[a0]"></a>__rt_exit_exit</STRONG> (Thumb, 0 bytes, Stack size unknown bytes, rtexit2.o(.ARM.Collect$$rtexit$$00000004))
<BR><BR>[Calls]<UL><LI><a href="#[a1]">&gt;&gt;</a>&nbsp;&nbsp;&nbsp;_sys_exit
</UL>

<P><STRONG><a name="[0]"></a>Reset_Handler</STRONG> (Thumb, 8 bytes, Stack size 0 bytes, startup_stm32wb55xx_cm4.o(.text))
<BR>[Address Reference Count : 1]<UL><LI> startup_stm32wb55xx_cm4.o(RESET)
</UL>
<P><STRONG><a name="[1c]"></a>ADC1_IRQHandler</STRONG> (Thumb, 0 bytes, Stack size 0 bytes, startup_stm32wb55xx_cm4.o(.text))
<BR><BR>[Calls]<UL><LI><a href="#[1c]">&gt;&gt;</a>&nbsp;&nbsp;&nbsp;ADC1_IRQHandler
</UL>
<BR>[Called By]<UL><LI><a href="#[1c]">&gt;&gt;</a>&nbsp;&nbsp;&nbsp;ADC1_IRQHandler
</UL>
<BR>[Address Reference Count : 1]<UL><LI> startup_stm32wb55xx_cm4.o(RESET)
</UL>
<P><STRONG><a name="[3d]"></a>AES1_IRQHandler</STRONG> (Thumb, 0 bytes, Stack size 0 bytes, startup_stm32wb55xx_cm4.o(.text))
<BR>[Address Reference Count : 1]<UL><LI> startup_stm32wb55xx_cm4.o(RESET)
</UL>
<P><STRONG><a name="[3e]"></a>AES2_IRQHandler</STRONG> (Thumb, 0 bytes, Stack size 0 bytes, startup_stm32wb55xx_cm4.o(.text))
<BR>[Address Reference Count : 1]<UL><LI> startup_stm32wb55xx_cm4.o(RESET)
</UL>
<P><STRONG><a name="[1f]"></a>C2SEV_PWR_C2H_IRQHandler</STRONG> (Thumb, 0 bytes, Stack size 0 bytes, startup_stm32wb55xx_cm4.o(.text))
<BR>[Address Reference Count : 1]<UL><LI> startup_stm32wb55xx_cm4.o(RESET)
</UL>
<P><STRONG><a name="[20]"></a>COMP_IRQHandler</STRONG> (Thumb, 0 bytes, Stack size 0 bytes, startup_stm32wb55xx_cm4.o(.text))
<BR>[Address Reference Count : 1]<UL><LI> startup_stm32wb55xx_cm4.o(RESET)
</UL>
<P><STRONG><a name="[34]"></a>CRS_IRQHandler</STRONG> (Thumb, 0 bytes, Stack size 0 bytes, startup_stm32wb55xx_cm4.o(.text))
<BR>[Address Reference Count : 1]<UL><LI> startup_stm32wb55xx_cm4.o(RESET)
</UL>
<P><STRONG><a name="[15]"></a>DMA1_Channel1_IRQHandler</STRONG> (Thumb, 0 bytes, Stack size 0 bytes, startup_stm32wb55xx_cm4.o(.text))
<BR>[Address Reference Count : 1]<UL><LI> startup_stm32wb55xx_cm4.o(RESET)
</UL>
<P><STRONG><a name="[16]"></a>DMA1_Channel2_IRQHandler</STRONG> (Thumb, 0 bytes, Stack size 0 bytes, startup_stm32wb55xx_cm4.o(.text))
<BR>[Address Reference Count : 1]<UL><LI> startup_stm32wb55xx_cm4.o(RESET)
</UL>
<P><STRONG><a name="[17]"></a>DMA1_Channel3_IRQHandler</STRONG> (Thumb, 0 bytes, Stack size 0 bytes, startup_stm32wb55xx_cm4.o(.text))
<BR>[Address Reference Count : 1]<UL><LI> startup_stm32wb55xx_cm4.o(RESET)
</UL>
<P><STRONG><a name="[18]"></a>DMA1_Channel4_IRQHandler</STRONG> (Thumb, 0 bytes, Stack size 0 bytes, startup_stm32wb55xx_cm4.o(.text))
<BR>[Address Reference Count : 1]<UL><LI> startup_stm32wb55xx_cm4.o(RESET)
</UL>
<P><STRONG><a name="[19]"></a>DMA1_Channel5_IRQHandler</STRONG> (Thumb, 0 bytes, Stack size 0 bytes, startup_stm32wb55xx_cm4.o(.text))
<BR>[Address Reference Count : 1]<UL><LI> startup_stm32wb55xx_cm4.o(RESET)
</UL>
<P><STRONG><a name="[1a]"></a>DMA1_Channel6_IRQHandler</STRONG> (Thumb, 0 bytes, Stack size 0 bytes, startup_stm32wb55xx_cm4.o(.text))
<BR>[Address Reference Count : 1]<UL><LI> startup_stm32wb55xx_cm4.o(RESET)
</UL>
<P><STRONG><a name="[1b]"></a>DMA1_Channel7_IRQHandler</STRONG> (Thumb, 0 bytes, Stack size 0 bytes, startup_stm32wb55xx_cm4.o(.text))
<BR>[Address Reference Count : 1]<UL><LI> startup_stm32wb55xx_cm4.o(RESET)
</UL>
<P><STRONG><a name="[41]"></a>DMA2_Channel1_IRQHandler</STRONG> (Thumb, 0 bytes, Stack size 0 bytes, startup_stm32wb55xx_cm4.o(.text))
<BR>[Address Reference Count : 1]<UL><LI> startup_stm32wb55xx_cm4.o(RESET)
</UL>
<P><STRONG><a name="[42]"></a>DMA2_Channel2_IRQHandler</STRONG> (Thumb, 0 bytes, Stack size 0 bytes, startup_stm32wb55xx_cm4.o(.text))
<BR>[Address Reference Count : 1]<UL><LI> startup_stm32wb55xx_cm4.o(RESET)
</UL>
<P><STRONG><a name="[43]"></a>DMA2_Channel3_IRQHandler</STRONG> (Thumb, 0 bytes, Stack size 0 bytes, startup_stm32wb55xx_cm4.o(.text))
<BR>[Address Reference Count : 1]<UL><LI> startup_stm32wb55xx_cm4.o(RESET)
</UL>
<P><STRONG><a name="[44]"></a>DMA2_Channel4_IRQHandler</STRONG> (Thumb, 0 bytes, Stack size 0 bytes, startup_stm32wb55xx_cm4.o(.text))
<BR>[Address Reference Count : 1]<UL><LI> startup_stm32wb55xx_cm4.o(RESET)
</UL>
<P><STRONG><a name="[45]"></a>DMA2_Channel5_IRQHandler</STRONG> (Thumb, 0 bytes, Stack size 0 bytes, startup_stm32wb55xx_cm4.o(.text))
<BR>[Address Reference Count : 1]<UL><LI> startup_stm32wb55xx_cm4.o(RESET)
</UL>
<P><STRONG><a name="[46]"></a>DMA2_Channel6_IRQHandler</STRONG> (Thumb, 0 bytes, Stack size 0 bytes, startup_stm32wb55xx_cm4.o(.text))
<BR>[Address Reference Count : 1]<UL><LI> startup_stm32wb55xx_cm4.o(RESET)
</UL>
<P><STRONG><a name="[47]"></a>DMA2_Channel7_IRQHandler</STRONG> (Thumb, 0 bytes, Stack size 0 bytes, startup_stm32wb55xx_cm4.o(.text))
<BR>[Address Reference Count : 1]<UL><LI> startup_stm32wb55xx_cm4.o(RESET)
</UL>
<P><STRONG><a name="[48]"></a>DMAMUX1_OVR_IRQHandler</STRONG> (Thumb, 0 bytes, Stack size 0 bytes, startup_stm32wb55xx_cm4.o(.text))
<BR>[Address Reference Count : 1]<UL><LI> startup_stm32wb55xx_cm4.o(RESET)
</UL>
<P><STRONG><a name="[10]"></a>EXTI0_IRQHandler</STRONG> (Thumb, 0 bytes, Stack size 0 bytes, startup_stm32wb55xx_cm4.o(.text))
<BR>[Address Reference Count : 1]<UL><LI> startup_stm32wb55xx_cm4.o(RESET)
</UL>
<P><STRONG><a name="[32]"></a>EXTI15_10_IRQHandler</STRONG> (Thumb, 0 bytes, Stack size 0 bytes, startup_stm32wb55xx_cm4.o(.text))
<BR>[Address Reference Count : 1]<UL><LI> startup_stm32wb55xx_cm4.o(RESET)
</UL>
<P><STRONG><a name="[11]"></a>EXTI1_IRQHandler</STRONG> (Thumb, 0 bytes, Stack size 0 bytes, startup_stm32wb55xx_cm4.o(.text))
<BR>[Address Reference Count : 1]<UL><LI> startup_stm32wb55xx_cm4.o(RESET)
</UL>
<P><STRONG><a name="[12]"></a>EXTI2_IRQHandler</STRONG> (Thumb, 0 bytes, Stack size 0 bytes, startup_stm32wb55xx_cm4.o(.text))
<BR>[Address Reference Count : 1]<UL><LI> startup_stm32wb55xx_cm4.o(RESET)
</UL>
<P><STRONG><a name="[14]"></a>EXTI4_IRQHandler</STRONG> (Thumb, 0 bytes, Stack size 0 bytes, startup_stm32wb55xx_cm4.o(.text))
<BR>[Address Reference Count : 1]<UL><LI> startup_stm32wb55xx_cm4.o(RESET)
</UL>
<P><STRONG><a name="[21]"></a>EXTI9_5_IRQHandler</STRONG> (Thumb, 0 bytes, Stack size 0 bytes, startup_stm32wb55xx_cm4.o(.text))
<BR>[Address Reference Count : 1]<UL><LI> startup_stm32wb55xx_cm4.o(RESET)
</UL>
<P><STRONG><a name="[e]"></a>FLASH_IRQHandler</STRONG> (Thumb, 0 bytes, Stack size 0 bytes, startup_stm32wb55xx_cm4.o(.text))
<BR>[Address Reference Count : 1]<UL><LI> startup_stm32wb55xx_cm4.o(RESET)
</UL>
<P><STRONG><a name="[40]"></a>FPU_IRQHandler</STRONG> (Thumb, 0 bytes, Stack size 0 bytes, startup_stm32wb55xx_cm4.o(.text))
<BR>[Address Reference Count : 1]<UL><LI> startup_stm32wb55xx_cm4.o(RESET)
</UL>
<P><STRONG><a name="[38]"></a>HSEM_IRQHandler</STRONG> (Thumb, 0 bytes, Stack size 0 bytes, startup_stm32wb55xx_cm4.o(.text))
<BR>[Address Reference Count : 1]<UL><LI> startup_stm32wb55xx_cm4.o(RESET)
</UL>
<P><STRONG><a name="[29]"></a>I2C1_ER_IRQHandler</STRONG> (Thumb, 0 bytes, Stack size 0 bytes, startup_stm32wb55xx_cm4.o(.text))
<BR>[Address Reference Count : 1]<UL><LI> startup_stm32wb55xx_cm4.o(RESET)
</UL>
<P><STRONG><a name="[28]"></a>I2C1_EV_IRQHandler</STRONG> (Thumb, 0 bytes, Stack size 0 bytes, startup_stm32wb55xx_cm4.o(.text))
<BR>[Address Reference Count : 1]<UL><LI> startup_stm32wb55xx_cm4.o(RESET)
</UL>
<P><STRONG><a name="[2b]"></a>I2C3_ER_IRQHandler</STRONG> (Thumb, 0 bytes, Stack size 0 bytes, startup_stm32wb55xx_cm4.o(.text))
<BR>[Address Reference Count : 1]<UL><LI> startup_stm32wb55xx_cm4.o(RESET)
</UL>
<P><STRONG><a name="[2a]"></a>I2C3_EV_IRQHandler</STRONG> (Thumb, 0 bytes, Stack size 0 bytes, startup_stm32wb55xx_cm4.o(.text))
<BR>[Address Reference Count : 1]<UL><LI> startup_stm32wb55xx_cm4.o(RESET)
</UL>
<P><STRONG><a name="[36]"></a>IPCC_C1_RX_IRQHandler</STRONG> (Thumb, 0 bytes, Stack size 0 bytes, startup_stm32wb55xx_cm4.o(.text))
<BR>[Address Reference Count : 1]<UL><LI> startup_stm32wb55xx_cm4.o(RESET)
</UL>
<P><STRONG><a name="[37]"></a>IPCC_C1_TX_IRQHandler</STRONG> (Thumb, 0 bytes, Stack size 0 bytes, startup_stm32wb55xx_cm4.o(.text))
<BR>[Address Reference Count : 1]<UL><LI> startup_stm32wb55xx_cm4.o(RESET)
</UL>
<P><STRONG><a name="[3b]"></a>LCD_IRQHandler</STRONG> (Thumb, 0 bytes, Stack size 0 bytes, startup_stm32wb55xx_cm4.o(.text))
<BR>[Address Reference Count : 1]<UL><LI> startup_stm32wb55xx_cm4.o(RESET)
</UL>
<P><STRONG><a name="[39]"></a>LPTIM1_IRQHandler</STRONG> (Thumb, 0 bytes, Stack size 0 bytes, startup_stm32wb55xx_cm4.o(.text))
<BR>[Address Reference Count : 1]<UL><LI> startup_stm32wb55xx_cm4.o(RESET)
</UL>
<P><STRONG><a name="[3a]"></a>LPTIM2_IRQHandler</STRONG> (Thumb, 0 bytes, Stack size 0 bytes, startup_stm32wb55xx_cm4.o(.text))
<BR>[Address Reference Count : 1]<UL><LI> startup_stm32wb55xx_cm4.o(RESET)
</UL>
<P><STRONG><a name="[2f]"></a>LPUART1_IRQHandler</STRONG> (Thumb, 0 bytes, Stack size 0 bytes, startup_stm32wb55xx_cm4.o(.text))
<BR>[Address Reference Count : 1]<UL><LI> startup_stm32wb55xx_cm4.o(RESET)
</UL>
<P><STRONG><a name="[27]"></a>PKA_IRQHandler</STRONG> (Thumb, 0 bytes, Stack size 0 bytes, startup_stm32wb55xx_cm4.o(.text))
<BR>[Address Reference Count : 1]<UL><LI> startup_stm32wb55xx_cm4.o(RESET)
</UL>
<P><STRONG><a name="[b]"></a>PVD_PVM_IRQHandler</STRONG> (Thumb, 0 bytes, Stack size 0 bytes, startup_stm32wb55xx_cm4.o(.text))
<BR>[Address Reference Count : 1]<UL><LI> startup_stm32wb55xx_cm4.o(RESET)
</UL>
<P><STRONG><a name="[35]"></a>PWR_SOTF_BLEACT_802ACT_RFPHASE_IRQHandler</STRONG> (Thumb, 0 bytes, Stack size 0 bytes, startup_stm32wb55xx_cm4.o(.text))
<BR>[Address Reference Count : 1]<UL><LI> startup_stm32wb55xx_cm4.o(RESET)
</UL>
<P><STRONG><a name="[3c]"></a>QUADSPI_IRQHandler</STRONG> (Thumb, 0 bytes, Stack size 0 bytes, startup_stm32wb55xx_cm4.o(.text))
<BR>[Address Reference Count : 1]<UL><LI> startup_stm32wb55xx_cm4.o(RESET)
</UL>
<P><STRONG><a name="[f]"></a>RCC_IRQHandler</STRONG> (Thumb, 0 bytes, Stack size 0 bytes, startup_stm32wb55xx_cm4.o(.text))
<BR>[Address Reference Count : 1]<UL><LI> startup_stm32wb55xx_cm4.o(RESET)
</UL>
<P><STRONG><a name="[3f]"></a>RNG_IRQHandler</STRONG> (Thumb, 0 bytes, Stack size 0 bytes, startup_stm32wb55xx_cm4.o(.text))
<BR>[Address Reference Count : 1]<UL><LI> startup_stm32wb55xx_cm4.o(RESET)
</UL>
<P><STRONG><a name="[33]"></a>RTC_Alarm_IRQHandler</STRONG> (Thumb, 0 bytes, Stack size 0 bytes, startup_stm32wb55xx_cm4.o(.text))
<BR>[Address Reference Count : 1]<UL><LI> startup_stm32wb55xx_cm4.o(RESET)
</UL>
<P><STRONG><a name="[d]"></a>RTC_WKUP_IRQHandler</STRONG> (Thumb, 0 bytes, Stack size 0 bytes, startup_stm32wb55xx_cm4.o(.text))
<BR>[Address Reference Count : 1]<UL><LI> startup_stm32wb55xx_cm4.o(RESET)
</UL>
<P><STRONG><a name="[30]"></a>SAI1_IRQHandler</STRONG> (Thumb, 0 bytes, Stack size 0 bytes, startup_stm32wb55xx_cm4.o(.text))
<BR>[Address Reference Count : 1]<UL><LI> startup_stm32wb55xx_cm4.o(RESET)
</UL>
<P><STRONG><a name="[2d]"></a>SPI2_IRQHandler</STRONG> (Thumb, 0 bytes, Stack size 0 bytes, startup_stm32wb55xx_cm4.o(.text))
<BR>[Address Reference Count : 1]<UL><LI> startup_stm32wb55xx_cm4.o(RESET)
</UL>
<P><STRONG><a name="[c]"></a>TAMP_STAMP_LSECSS_IRQHandler</STRONG> (Thumb, 0 bytes, Stack size 0 bytes, startup_stm32wb55xx_cm4.o(.text))
<BR>[Address Reference Count : 1]<UL><LI> startup_stm32wb55xx_cm4.o(RESET)
</UL>
<P><STRONG><a name="[22]"></a>TIM1_BRK_IRQHandler</STRONG> (Thumb, 0 bytes, Stack size 0 bytes, startup_stm32wb55xx_cm4.o(.text))
<BR>[Address Reference Count : 1]<UL><LI> startup_stm32wb55xx_cm4.o(RESET)
</UL>
<P><STRONG><a name="[25]"></a>TIM1_CC_IRQHandler</STRONG> (Thumb, 0 bytes, Stack size 0 bytes, startup_stm32wb55xx_cm4.o(.text))
<BR>[Address Reference Count : 1]<UL><LI> startup_stm32wb55xx_cm4.o(RESET)
</UL>
<P><STRONG><a name="[24]"></a>TIM1_TRG_COM_TIM17_IRQHandler</STRONG> (Thumb, 0 bytes, Stack size 0 bytes, startup_stm32wb55xx_cm4.o(.text))
<BR>[Address Reference Count : 1]<UL><LI> startup_stm32wb55xx_cm4.o(RESET)
</UL>
<P><STRONG><a name="[23]"></a>TIM1_UP_TIM16_IRQHandler</STRONG> (Thumb, 0 bytes, Stack size 0 bytes, startup_stm32wb55xx_cm4.o(.text))
<BR>[Address Reference Count : 1]<UL><LI> startup_stm32wb55xx_cm4.o(RESET)
</UL>
<P><STRONG><a name="[26]"></a>TIM2_IRQHandler</STRONG> (Thumb, 0 bytes, Stack size 0 bytes, startup_stm32wb55xx_cm4.o(.text))
<BR>[Address Reference Count : 1]<UL><LI> startup_stm32wb55xx_cm4.o(RESET)
</UL>
<P><STRONG><a name="[31]"></a>TSC_IRQHandler</STRONG> (Thumb, 0 bytes, Stack size 0 bytes, startup_stm32wb55xx_cm4.o(.text))
<BR>[Address Reference Count : 1]<UL><LI> startup_stm32wb55xx_cm4.o(RESET)
</UL>
<P><STRONG><a name="[2e]"></a>USART1_IRQHandler</STRONG> (Thumb, 0 bytes, Stack size 0 bytes, startup_stm32wb55xx_cm4.o(.text))
<BR>[Address Reference Count : 1]<UL><LI> startup_stm32wb55xx_cm4.o(RESET)
</UL>
<P><STRONG><a name="[1d]"></a>USB_HP_IRQHandler</STRONG> (Thumb, 0 bytes, Stack size 0 bytes, startup_stm32wb55xx_cm4.o(.text))
<BR>[Address Reference Count : 1]<UL><LI> startup_stm32wb55xx_cm4.o(RESET)
</UL>
<P><STRONG><a name="[1e]"></a>USB_LP_IRQHandler</STRONG> (Thumb, 0 bytes, Stack size 0 bytes, startup_stm32wb55xx_cm4.o(.text))
<BR>[Address Reference Count : 1]<UL><LI> startup_stm32wb55xx_cm4.o(RESET)
</UL>
<P><STRONG><a name="[a]"></a>WWDG_IRQHandler</STRONG> (Thumb, 0 bytes, Stack size 0 bytes, startup_stm32wb55xx_cm4.o(.text))
<BR>[Address Reference Count : 1]<UL><LI> startup_stm32wb55xx_cm4.o(RESET)
</UL>
<P><STRONG><a name="[db]"></a>__user_initial_stackheap</STRONG> (Thumb, 0 bytes, Stack size unknown bytes, startup_stm32wb55xx_cm4.o(.text))
<BR><BR>[Called By]<UL><LI><a href="#[98]">&gt;&gt;</a>&nbsp;&nbsp;&nbsp;__user_setup_stackheap
</UL>

<P><STRONG><a name="[61]"></a>malloc</STRONG> (Thumb, 94 bytes, Stack size 16 bytes, h1_alloc.o(.text))
<BR><BR>[Stack]<UL><LI>Max Depth = 48<LI>Call Chain = malloc &rArr; __Heap_Full &rArr; __Heap_ProvideMemory &rArr; free
</UL>
<BR>[Calls]<UL><LI><a href="#[a3]">&gt;&gt;</a>&nbsp;&nbsp;&nbsp;__Heap_Full
<LI><a href="#[a2]">&gt;&gt;</a>&nbsp;&nbsp;&nbsp;__rt_heap_descriptor
</UL>
<BR>[Called By]<UL><LI><a href="#[208]">&gt;&gt;</a>&nbsp;&nbsp;&nbsp;acc_integration_mem_alloc
<LI><a href="#[e4]">&gt;&gt;</a>&nbsp;&nbsp;&nbsp;fopen
<LI><a href="#[dc]">&gt;&gt;</a>&nbsp;&nbsp;&nbsp;__flsbuf
</UL>
<BR>[Address Reference Count : 1]<UL><LI> acc_hal_integration_stm32cube_xe121_single_sensor.o(.rodata.acc_hal_rss_integration_get_implementation.val)
</UL>
<P><STRONG><a name="[62]"></a>free</STRONG> (Thumb, 78 bytes, Stack size 16 bytes, h1_free.o(.text))
<BR><BR>[Stack]<UL><LI>Max Depth = 16<LI>Call Chain = free
</UL>
<BR>[Calls]<UL><LI><a href="#[a2]">&gt;&gt;</a>&nbsp;&nbsp;&nbsp;__rt_heap_descriptor
</UL>
<BR>[Called By]<UL><LI><a href="#[211]">&gt;&gt;</a>&nbsp;&nbsp;&nbsp;acc_integration_mem_free
<LI><a href="#[d5]">&gt;&gt;</a>&nbsp;&nbsp;&nbsp;_fclose_internal
<LI><a href="#[96]">&gt;&gt;</a>&nbsp;&nbsp;&nbsp;_terminateio
<LI><a href="#[b9]">&gt;&gt;</a>&nbsp;&nbsp;&nbsp;__Heap_ProvideMemory
</UL>
<BR>[Address Reference Count : 1]<UL><LI> acc_hal_integration_stm32cube_xe121_single_sensor.o(.rodata.acc_hal_rss_integration_get_implementation.val)
</UL>
<P><STRONG><a name="[116]"></a>__aeabi_uldivmod</STRONG> (Thumb, 0 bytes, Stack size 48 bytes, lludivv7m.o(.text))
<BR><BR>[Stack]<UL><LI>Max Depth = 48<LI>Call Chain = __aeabi_uldivmod
</UL>
<BR>[Called By]<UL><LI><a href="#[10f]">&gt;&gt;</a>&nbsp;&nbsp;&nbsp;UART_SetConfig
</UL>

<P><STRONG><a name="[297]"></a>_ll_udiv</STRONG> (Thumb, 240 bytes, Stack size 48 bytes, lludivv7m.o(.text), UNUSED)

<P><STRONG><a name="[a4]"></a>vsnprintf</STRONG> (Thumb, 56 bytes, Stack size 24 bytes, vsnprintf.o(.text))
<BR><BR>[Stack]<UL><LI>Max Depth = 128 + Unknown Stack Size
<LI>Call Chain = vsnprintf &rArr; _printf_char_common &rArr; __printf
</UL>
<BR>[Calls]<UL><LI><a href="#[a5]">&gt;&gt;</a>&nbsp;&nbsp;&nbsp;_printf_char_common
</UL>
<BR>[Called By]<UL><LI><a href="#[64]">&gt;&gt;</a>&nbsp;&nbsp;&nbsp;acc_integration_log
</UL>

<P><STRONG><a name="[a6]"></a>__2printf</STRONG> (Thumb, 20 bytes, Stack size 24 bytes, __2printf.o(.text))
<BR><BR>[Stack]<UL><LI>Max Depth = 144 + Unknown Stack Size
<LI>Call Chain = __2printf &rArr; _printf_char_file &rArr; _printf_char_common &rArr; __printf
</UL>
<BR>[Calls]<UL><LI><a href="#[a7]">&gt;&gt;</a>&nbsp;&nbsp;&nbsp;_printf_char_file
</UL>
<BR>[Called By]<UL><LI><a href="#[64]">&gt;&gt;</a>&nbsp;&nbsp;&nbsp;acc_integration_log
</UL>

<P><STRONG><a name="[a9]"></a>_printf_pre_padding</STRONG> (Thumb, 44 bytes, Stack size 16 bytes, _printf_pad.o(.text))
<BR><BR>[Stack]<UL><LI>Max Depth = 16<LI>Call Chain = _printf_pre_padding
</UL>
<BR>[Called By]<UL><LI><a href="#[a8]">&gt;&gt;</a>&nbsp;&nbsp;&nbsp;_printf_str
<LI><a href="#[ce]">&gt;&gt;</a>&nbsp;&nbsp;&nbsp;_printf_fp_infnan
<LI><a href="#[cf]">&gt;&gt;</a>&nbsp;&nbsp;&nbsp;_printf_fp_hex_real
<LI><a href="#[cc]">&gt;&gt;</a>&nbsp;&nbsp;&nbsp;_printf_fp_dec_real
<LI><a href="#[c2]">&gt;&gt;</a>&nbsp;&nbsp;&nbsp;_printf_wctomb
<LI><a href="#[ad]">&gt;&gt;</a>&nbsp;&nbsp;&nbsp;_printf_int_common
</UL>

<P><STRONG><a name="[aa]"></a>_printf_post_padding</STRONG> (Thumb, 34 bytes, Stack size 16 bytes, _printf_pad.o(.text))
<BR><BR>[Stack]<UL><LI>Max Depth = 16<LI>Call Chain = _printf_post_padding
</UL>
<BR>[Called By]<UL><LI><a href="#[a8]">&gt;&gt;</a>&nbsp;&nbsp;&nbsp;_printf_str
<LI><a href="#[ce]">&gt;&gt;</a>&nbsp;&nbsp;&nbsp;_printf_fp_infnan
<LI><a href="#[cf]">&gt;&gt;</a>&nbsp;&nbsp;&nbsp;_printf_fp_hex_real
<LI><a href="#[cc]">&gt;&gt;</a>&nbsp;&nbsp;&nbsp;_printf_fp_dec_real
<LI><a href="#[c2]">&gt;&gt;</a>&nbsp;&nbsp;&nbsp;_printf_wctomb
<LI><a href="#[ad]">&gt;&gt;</a>&nbsp;&nbsp;&nbsp;_printf_int_common
</UL>

<P><STRONG><a name="[a8]"></a>_printf_str</STRONG> (Thumb, 82 bytes, Stack size 16 bytes, _printf_str.o(.text))
<BR><BR>[Stack]<UL><LI>Max Depth = 32<LI>Call Chain = _printf_str &rArr; _printf_post_padding
</UL>
<BR>[Calls]<UL><LI><a href="#[aa]">&gt;&gt;</a>&nbsp;&nbsp;&nbsp;_printf_post_padding
<LI><a href="#[a9]">&gt;&gt;</a>&nbsp;&nbsp;&nbsp;_printf_pre_padding
</UL>
<BR>[Called By]<UL><LI><a href="#[c0]">&gt;&gt;</a>&nbsp;&nbsp;&nbsp;_printf_cs_common
</UL>

<P><STRONG><a name="[73]"></a>_printf_int_dec</STRONG> (Thumb, 104 bytes, Stack size 24 bytes, _printf_dec.o(.text))
<BR><BR>[Stack]<UL><LI>Max Depth = 72<LI>Call Chain = _printf_int_dec &rArr; _printf_int_common &rArr; _printf_post_padding
</UL>
<BR>[Calls]<UL><LI><a href="#[ad]">&gt;&gt;</a>&nbsp;&nbsp;&nbsp;_printf_int_common
<LI><a href="#[ac]">&gt;&gt;</a>&nbsp;&nbsp;&nbsp;_printf_truncate_unsigned
<LI><a href="#[ab]">&gt;&gt;</a>&nbsp;&nbsp;&nbsp;_printf_truncate_signed
</UL>
<BR>[Called By]<UL><LI><a href="#[75]">&gt;&gt;</a>&nbsp;&nbsp;&nbsp;_printf_u
<LI><a href="#[74]">&gt;&gt;</a>&nbsp;&nbsp;&nbsp;_printf_d
<LI><a href="#[72]">&gt;&gt;</a>&nbsp;&nbsp;&nbsp;_printf_i
</UL>

<P><STRONG><a name="[ae]"></a>__printf</STRONG> (Thumb, 388 bytes, Stack size 40 bytes, __printf_flags_ss_wp.o(.text))
<BR><BR>[Stack]<UL><LI>Max Depth = 40 + Unknown Stack Size
<LI>Call Chain = __printf
</UL>
<BR>[Calls]<UL><LI><a href="#[b0]">&gt;&gt;</a>&nbsp;&nbsp;&nbsp;_printf_percent
<LI><a href="#[af]">&gt;&gt;</a>&nbsp;&nbsp;&nbsp;_is_digit
</UL>
<BR>[Called By]<UL><LI><a href="#[a5]">&gt;&gt;</a>&nbsp;&nbsp;&nbsp;_printf_char_common
</UL>

<P><STRONG><a name="[b4]"></a>__aeabi_memcpy</STRONG> (Thumb, 0 bytes, Stack size 0 bytes, rt_memcpy_v6.o(.text))
<BR><BR>[Called By]<UL><LI><a href="#[238]">&gt;&gt;</a>&nbsp;&nbsp;&nbsp;acc_radar_engine_a121_update_buffer_header
<LI><a href="#[233]">&gt;&gt;</a>&nbsp;&nbsp;&nbsp;acc_radar_engine_a121_prepare
<LI><a href="#[235]">&gt;&gt;</a>&nbsp;&nbsp;&nbsp;acc_radar_engine_a121_reconfigure
<LI><a href="#[242]">&gt;&gt;</a>&nbsp;&nbsp;&nbsp;acc_sensor_a121_lut_buffer_write
<LI><a href="#[1da]">&gt;&gt;</a>&nbsp;&nbsp;&nbsp;process_subsweeps
<LI><a href="#[218]">&gt;&gt;</a>&nbsp;&nbsp;&nbsp;acc_radar_engine_a121_get_metadata
<LI><a href="#[b3]">&gt;&gt;</a>&nbsp;&nbsp;&nbsp;__rt_memmove
</UL>

<P><STRONG><a name="[b1]"></a>__rt_memcpy</STRONG> (Thumb, 138 bytes, Stack size 0 bytes, rt_memcpy_v6.o(.text), UNUSED)
<BR><BR>[Calls]<UL><LI><a href="#[b2]">&gt;&gt;</a>&nbsp;&nbsp;&nbsp;__aeabi_memcpy4
</UL>

<P><STRONG><a name="[298]"></a>_memcpy_lastbytes</STRONG> (Thumb, 0 bytes, Stack size unknown bytes, rt_memcpy_v6.o(.text), UNUSED)

<P><STRONG><a name="[24c]"></a>__aeabi_memmove</STRONG> (Thumb, 0 bytes, Stack size 0 bytes, rt_memmove_v6.o(.text))
<BR><BR>[Called By]<UL><LI><a href="#[57]">&gt;&gt;</a>&nbsp;&nbsp;&nbsp;element_frame_callback
</UL>

<P><STRONG><a name="[b3]"></a>__rt_memmove</STRONG> (Thumb, 132 bytes, Stack size 0 bytes, rt_memmove_v6.o(.text), UNUSED)
<BR><BR>[Calls]<UL><LI><a href="#[b5]">&gt;&gt;</a>&nbsp;&nbsp;&nbsp;__memmove_aligned
<LI><a href="#[b4]">&gt;&gt;</a>&nbsp;&nbsp;&nbsp;__aeabi_memcpy
</UL>

<P><STRONG><a name="[299]"></a>__memmove_lastfew</STRONG> (Thumb, 0 bytes, Stack size unknown bytes, rt_memmove_v6.o(.text), UNUSED)

<P><STRONG><a name="[b2]"></a>__aeabi_memcpy4</STRONG> (Thumb, 0 bytes, Stack size 8 bytes, rt_memcpy_w.o(.text))
<BR><BR>[Stack]<UL><LI>Max Depth = 8<LI>Call Chain = __aeabi_memcpy4
</UL>
<BR>[Called By]<UL><LI><a href="#[177]">&gt;&gt;</a>&nbsp;&nbsp;&nbsp;acc_detector_distance_processor_calibrate
<LI><a href="#[233]">&gt;&gt;</a>&nbsp;&nbsp;&nbsp;acc_radar_engine_a121_prepare
<LI><a href="#[235]">&gt;&gt;</a>&nbsp;&nbsp;&nbsp;acc_radar_engine_a121_reconfigure
<LI><a href="#[159]">&gt;&gt;</a>&nbsp;&nbsp;&nbsp;acc_config_create
<LI><a href="#[b6]">&gt;&gt;</a>&nbsp;&nbsp;&nbsp;__rt_memmove_w
<LI><a href="#[b1]">&gt;&gt;</a>&nbsp;&nbsp;&nbsp;__rt_memcpy
</UL>

<P><STRONG><a name="[29a]"></a>__aeabi_memcpy8</STRONG> (Thumb, 0 bytes, Stack size 8 bytes, rt_memcpy_w.o(.text), UNUSED)

<P><STRONG><a name="[29b]"></a>__rt_memcpy_w</STRONG> (Thumb, 100 bytes, Stack size 8 bytes, rt_memcpy_w.o(.text), UNUSED)

<P><STRONG><a name="[29c]"></a>_memcpy_lastbytes_aligned</STRONG> (Thumb, 0 bytes, Stack size unknown bytes, rt_memcpy_w.o(.text), UNUSED)

<P><STRONG><a name="[189]"></a>__aeabi_memmove4</STRONG> (Thumb, 0 bytes, Stack size 8 bytes, rt_memmove_w.o(.text))
<BR><BR>[Stack]<UL><LI>Max Depth = 8<LI>Call Chain = __aeabi_memmove4
</UL>
<BR>[Called By]<UL><LI><a href="#[188]">&gt;&gt;</a>&nbsp;&nbsp;&nbsp;acc_detector_distance_alg_filtfilt
</UL>

<P><STRONG><a name="[29d]"></a>__aeabi_memmove8</STRONG> (Thumb, 0 bytes, Stack size 8 bytes, rt_memmove_w.o(.text), UNUSED)

<P><STRONG><a name="[b6]"></a>__rt_memmove_w</STRONG> (Thumb, 122 bytes, Stack size 8 bytes, rt_memmove_w.o(.text), UNUSED)
<BR><BR>[Calls]<UL><LI><a href="#[b2]">&gt;&gt;</a>&nbsp;&nbsp;&nbsp;__aeabi_memcpy4
</UL>

<P><STRONG><a name="[b5]"></a>__memmove_aligned</STRONG> (Thumb, 0 bytes, Stack size unknown bytes, rt_memmove_w.o(.text), UNUSED)
<BR><BR>[Called By]<UL><LI><a href="#[b3]">&gt;&gt;</a>&nbsp;&nbsp;&nbsp;__rt_memmove
</UL>

<P><STRONG><a name="[29e]"></a>__memmove_lastfew_aligned</STRONG> (Thumb, 0 bytes, Stack size unknown bytes, rt_memmove_w.o(.text), UNUSED)

<P><STRONG><a name="[23e]"></a>__aeabi_memclr</STRONG> (Thumb, 0 bytes, Stack size unknown bytes, rt_memclr.o(.text))
<BR><BR>[Called By]<UL><LI><a href="#[15a]">&gt;&gt;</a>&nbsp;&nbsp;&nbsp;acc_rss_integration_mem_calloc_debug
<LI><a href="#[11d]">&gt;&gt;</a>&nbsp;&nbsp;&nbsp;acc_sensor_a121_buffer_processed_read
</UL>

<P><STRONG><a name="[29f]"></a>__rt_memclr</STRONG> (Thumb, 0 bytes, Stack size unknown bytes, rt_memclr.o(.text), UNUSED)

<P><STRONG><a name="[b7]"></a>_memset</STRONG> (Thumb, 64 bytes, Stack size 0 bytes, rt_memclr.o(.text), UNUSED)
<BR><BR>[Calls]<UL><LI><a href="#[b8]">&gt;&gt;</a>&nbsp;&nbsp;&nbsp;_memset_w
</UL>

<P><STRONG><a name="[d1]"></a>__aeabi_memclr4</STRONG> (Thumb, 0 bytes, Stack size unknown bytes, rt_memclr_w.o(.text))
<BR><BR>[Called By]<UL><LI><a href="#[1d9]">&gt;&gt;</a>&nbsp;&nbsp;&nbsp;acc_detector_distance_process
<LI><a href="#[1cb]">&gt;&gt;</a>&nbsp;&nbsp;&nbsp;acc_detector_distance_create
<LI><a href="#[10d]">&gt;&gt;</a>&nbsp;&nbsp;&nbsp;HAL_UART_MspInit
<LI><a href="#[1fa]">&gt;&gt;</a>&nbsp;&nbsp;&nbsp;acc_example_detector_distance
<LI><a href="#[9c]">&gt;&gt;</a>&nbsp;&nbsp;&nbsp;main
<LI><a href="#[180]">&gt;&gt;</a>&nbsp;&nbsp;&nbsp;acc_detector_distance_processor_process
<LI><a href="#[177]">&gt;&gt;</a>&nbsp;&nbsp;&nbsp;acc_detector_distance_processor_calibrate
<LI><a href="#[233]">&gt;&gt;</a>&nbsp;&nbsp;&nbsp;acc_radar_engine_a121_prepare
<LI><a href="#[235]">&gt;&gt;</a>&nbsp;&nbsp;&nbsp;acc_radar_engine_a121_reconfigure
<LI><a href="#[149]">&gt;&gt;</a>&nbsp;&nbsp;&nbsp;acc_calibration_a121_calibrate
<LI><a href="#[17f]">&gt;&gt;</a>&nbsp;&nbsp;&nbsp;acc_detector_distance_aggregator_process
<LI><a href="#[218]">&gt;&gt;</a>&nbsp;&nbsp;&nbsp;acc_radar_engine_a121_get_metadata
<LI><a href="#[d5]">&gt;&gt;</a>&nbsp;&nbsp;&nbsp;_fclose_internal
<LI><a href="#[e4]">&gt;&gt;</a>&nbsp;&nbsp;&nbsp;fopen
<LI><a href="#[94]">&gt;&gt;</a>&nbsp;&nbsp;&nbsp;_initio
</UL>

<P><STRONG><a name="[2a0]"></a>__aeabi_memclr8</STRONG> (Thumb, 0 bytes, Stack size unknown bytes, rt_memclr_w.o(.text), UNUSED)

<P><STRONG><a name="[2a1]"></a>__rt_memclr_w</STRONG> (Thumb, 0 bytes, Stack size unknown bytes, rt_memclr_w.o(.text), UNUSED)

<P><STRONG><a name="[b8]"></a>_memset_w</STRONG> (Thumb, 74 bytes, Stack size 4 bytes, rt_memclr_w.o(.text), UNUSED)
<BR><BR>[Called By]<UL><LI><a href="#[b7]">&gt;&gt;</a>&nbsp;&nbsp;&nbsp;_memset
</UL>

<P><STRONG><a name="[2a2]"></a>__use_two_region_memory</STRONG> (Thumb, 2 bytes, Stack size 0 bytes, heapauxi.o(.text), UNUSED)

<P><STRONG><a name="[2a3]"></a>__rt_heap_escrow</STRONG> (Thumb, 2 bytes, Stack size 0 bytes, heapauxi.o(.text), UNUSED)

<P><STRONG><a name="[2a4]"></a>__rt_heap_expand</STRONG> (Thumb, 2 bytes, Stack size 0 bytes, heapauxi.o(.text), UNUSED)

<P><STRONG><a name="[a2]"></a>__rt_heap_descriptor</STRONG> (Thumb, 8 bytes, Stack size 0 bytes, rt_heap_descriptor_intlibspace.o(.text))
<BR><BR>[Called By]<UL><LI><a href="#[8d]">&gt;&gt;</a>&nbsp;&nbsp;&nbsp;_init_alloc
<LI><a href="#[62]">&gt;&gt;</a>&nbsp;&nbsp;&nbsp;free
<LI><a href="#[61]">&gt;&gt;</a>&nbsp;&nbsp;&nbsp;malloc
</UL>

<P><STRONG><a name="[2a5]"></a>__use_no_heap</STRONG> (Thumb, 2 bytes, Stack size 0 bytes, hguard.o(.text), UNUSED)

<P><STRONG><a name="[2a6]"></a>__heap$guard</STRONG> (Thumb, 2 bytes, Stack size 0 bytes, hguard.o(.text), UNUSED)

<P><STRONG><a name="[2a7]"></a>_terminate_user_alloc</STRONG> (Thumb, 2 bytes, Stack size 0 bytes, init_alloc.o(.text), UNUSED)

<P><STRONG><a name="[2a8]"></a>_init_user_alloc</STRONG> (Thumb, 2 bytes, Stack size 0 bytes, init_alloc.o(.text), UNUSED)

<P><STRONG><a name="[a3]"></a>__Heap_Full</STRONG> (Thumb, 34 bytes, Stack size 16 bytes, init_alloc.o(.text))
<BR><BR>[Stack]<UL><LI>Max Depth = 32<LI>Call Chain = __Heap_Full &rArr; __Heap_ProvideMemory &rArr; free
</UL>
<BR>[Calls]<UL><LI><a href="#[b9]">&gt;&gt;</a>&nbsp;&nbsp;&nbsp;__Heap_ProvideMemory
</UL>
<BR>[Called By]<UL><LI><a href="#[61]">&gt;&gt;</a>&nbsp;&nbsp;&nbsp;malloc
</UL>

<P><STRONG><a name="[ba]"></a>__Heap_Broken</STRONG> (Thumb, 6 bytes, Stack size 0 bytes, init_alloc.o(.text), UNUSED)
<BR><BR>[Calls]<UL><LI><a href="#[bb]">&gt;&gt;</a>&nbsp;&nbsp;&nbsp;__rt_SIGRTMEM
</UL>

<P><STRONG><a name="[8d]"></a>_init_alloc</STRONG> (Thumb, 94 bytes, Stack size 24 bytes, init_alloc.o(.text))
<BR><BR>[Stack]<UL><LI>Max Depth = 64<LI>Call Chain = _init_alloc &rArr; __rt_SIGRTMEM &rArr; __rt_SIGRTMEM_inner &rArr; __default_signal_display &rArr; _ttywrch
</UL>
<BR>[Calls]<UL><LI><a href="#[bc]">&gt;&gt;</a>&nbsp;&nbsp;&nbsp;__Heap_Initialize
<LI><a href="#[a2]">&gt;&gt;</a>&nbsp;&nbsp;&nbsp;__rt_heap_descriptor
<LI><a href="#[bb]">&gt;&gt;</a>&nbsp;&nbsp;&nbsp;__rt_SIGRTMEM
<LI><a href="#[b9]">&gt;&gt;</a>&nbsp;&nbsp;&nbsp;__Heap_ProvideMemory
</UL>
<BR>[Called By]<UL><LI><a href="#[8c]">&gt;&gt;</a>&nbsp;&nbsp;&nbsp;__rt_lib_init_heap_2
</UL>

<P><STRONG><a name="[bc]"></a>__Heap_Initialize</STRONG> (Thumb, 8 bytes, Stack size 0 bytes, h1_init.o(.text))
<BR><BR>[Called By]<UL><LI><a href="#[8d]">&gt;&gt;</a>&nbsp;&nbsp;&nbsp;_init_alloc
</UL>

<P><STRONG><a name="[2a9]"></a>__Heap_DescSize</STRONG> (Thumb, 4 bytes, Stack size 0 bytes, h1_init.o(.text), UNUSED)

<P><STRONG><a name="[bd]"></a>__read_errno</STRONG> (Thumb, 10 bytes, Stack size 8 bytes, _rserrno.o(.text))
<BR><BR>[Stack]<UL><LI>Max Depth = 8<LI>Call Chain = __read_errno
</UL>
<BR>[Calls]<UL><LI><a href="#[be]">&gt;&gt;</a>&nbsp;&nbsp;&nbsp;__aeabi_errno_addr
</UL>
<BR>[Called By]<UL><LI><a href="#[18e]">&gt;&gt;</a>&nbsp;&nbsp;&nbsp;__hardfp_cexpf
</UL>

<P><STRONG><a name="[bf]"></a>__set_errno</STRONG> (Thumb, 12 bytes, Stack size 8 bytes, _rserrno.o(.text))
<BR><BR>[Stack]<UL><LI>Max Depth = 8<LI>Call Chain = __set_errno
</UL>
<BR>[Calls]<UL><LI><a href="#[be]">&gt;&gt;</a>&nbsp;&nbsp;&nbsp;__aeabi_errno_addr
</UL>
<BR>[Called By]<UL><LI><a href="#[18e]">&gt;&gt;</a>&nbsp;&nbsp;&nbsp;__hardfp_cexpf
<LI><a href="#[18b]">&gt;&gt;</a>&nbsp;&nbsp;&nbsp;__hardfp_tanf
<LI><a href="#[266]">&gt;&gt;</a>&nbsp;&nbsp;&nbsp;sqrtf
<LI><a href="#[13e]">&gt;&gt;</a>&nbsp;&nbsp;&nbsp;__hardfp_sqrtf
<LI><a href="#[252]">&gt;&gt;</a>&nbsp;&nbsp;&nbsp;__hardfp_sinf
<LI><a href="#[1e4]">&gt;&gt;</a>&nbsp;&nbsp;&nbsp;__hardfp_powf
<LI><a href="#[1e2]">&gt;&gt;</a>&nbsp;&nbsp;&nbsp;__hardfp_log10f
<LI><a href="#[264]">&gt;&gt;</a>&nbsp;&nbsp;&nbsp;__hardfp_expf
<LI><a href="#[222]">&gt;&gt;</a>&nbsp;&nbsp;&nbsp;__hardfp_exp2f
<LI><a href="#[251]">&gt;&gt;</a>&nbsp;&nbsp;&nbsp;__hardfp_cosf
<LI><a href="#[265]">&gt;&gt;</a>&nbsp;&nbsp;&nbsp;__hardfp_hypotf
</UL>

<P><STRONG><a name="[ab]"></a>_printf_truncate_signed</STRONG> (Thumb, 18 bytes, Stack size 0 bytes, _printf_truncate.o(.text))
<BR><BR>[Called By]<UL><LI><a href="#[73]">&gt;&gt;</a>&nbsp;&nbsp;&nbsp;_printf_int_dec
</UL>

<P><STRONG><a name="[ac]"></a>_printf_truncate_unsigned</STRONG> (Thumb, 18 bytes, Stack size 0 bytes, _printf_truncate.o(.text))
<BR><BR>[Called By]<UL><LI><a href="#[73]">&gt;&gt;</a>&nbsp;&nbsp;&nbsp;_printf_int_dec
<LI><a href="#[79]">&gt;&gt;</a>&nbsp;&nbsp;&nbsp;_printf_int_hex
<LI><a href="#[77]">&gt;&gt;</a>&nbsp;&nbsp;&nbsp;_printf_int_oct
</UL>

<P><STRONG><a name="[ad]"></a>_printf_int_common</STRONG> (Thumb, 178 bytes, Stack size 32 bytes, _printf_intcommon.o(.text))
<BR><BR>[Stack]<UL><LI>Max Depth = 48<LI>Call Chain = _printf_int_common &rArr; _printf_post_padding
</UL>
<BR>[Calls]<UL><LI><a href="#[aa]">&gt;&gt;</a>&nbsp;&nbsp;&nbsp;_printf_post_padding
<LI><a href="#[a9]">&gt;&gt;</a>&nbsp;&nbsp;&nbsp;_printf_pre_padding
</UL>
<BR>[Called By]<UL><LI><a href="#[73]">&gt;&gt;</a>&nbsp;&nbsp;&nbsp;_printf_int_dec
<LI><a href="#[c6]">&gt;&gt;</a>&nbsp;&nbsp;&nbsp;_printf_longlong_hex
<LI><a href="#[c5]">&gt;&gt;</a>&nbsp;&nbsp;&nbsp;_printf_longlong_oct
<LI><a href="#[7b]">&gt;&gt;</a>&nbsp;&nbsp;&nbsp;_printf_longlong_dec
</UL>

<P><STRONG><a name="[69]"></a>_printf_charcount</STRONG> (Thumb, 40 bytes, Stack size 0 bytes, _printf_charcount.o(.text))
<BR><BR>[Called By]<UL><LI><a href="#[68]">&gt;&gt;</a>&nbsp;&nbsp;&nbsp;_printf_n
</UL>

<P><STRONG><a name="[a5]"></a>_printf_char_common</STRONG> (Thumb, 32 bytes, Stack size 64 bytes, _printf_char_common.o(.text))
<BR><BR>[Stack]<UL><LI>Max Depth = 104 + Unknown Stack Size
<LI>Call Chain = _printf_char_common &rArr; __printf
</UL>
<BR>[Calls]<UL><LI><a href="#[ae]">&gt;&gt;</a>&nbsp;&nbsp;&nbsp;__printf
</UL>
<BR>[Called By]<UL><LI><a href="#[a4]">&gt;&gt;</a>&nbsp;&nbsp;&nbsp;vsnprintf
<LI><a href="#[a7]">&gt;&gt;</a>&nbsp;&nbsp;&nbsp;_printf_char_file
</UL>

<P><STRONG><a name="[4b]"></a>_snputc</STRONG> (Thumb, 16 bytes, Stack size 0 bytes, _snputc.o(.text))
<BR>[Address Reference Count : 1]<UL><LI> vsnprintf.o(.text)
</UL>
<P><STRONG><a name="[c0]"></a>_printf_cs_common</STRONG> (Thumb, 20 bytes, Stack size 8 bytes, _printf_char.o(.text))
<BR><BR>[Stack]<UL><LI>Max Depth = 40<LI>Call Chain = _printf_cs_common &rArr; _printf_str &rArr; _printf_post_padding
</UL>
<BR>[Calls]<UL><LI><a href="#[a8]">&gt;&gt;</a>&nbsp;&nbsp;&nbsp;_printf_str
</UL>
<BR>[Called By]<UL><LI><a href="#[85]">&gt;&gt;</a>&nbsp;&nbsp;&nbsp;_printf_string
<LI><a href="#[83]">&gt;&gt;</a>&nbsp;&nbsp;&nbsp;_printf_char
</UL>

<P><STRONG><a name="[83]"></a>_printf_char</STRONG> (Thumb, 16 bytes, Stack size 0 bytes, _printf_char.o(.text))
<BR><BR>[Stack]<UL><LI>Max Depth = 40<LI>Call Chain = _printf_char &rArr; _printf_cs_common &rArr; _printf_str &rArr; _printf_post_padding
</UL>
<BR>[Calls]<UL><LI><a href="#[c0]">&gt;&gt;</a>&nbsp;&nbsp;&nbsp;_printf_cs_common
</UL>
<BR>[Called By]<UL><LI><a href="#[82]">&gt;&gt;</a>&nbsp;&nbsp;&nbsp;_printf_c
</UL>

<P><STRONG><a name="[85]"></a>_printf_string</STRONG> (Thumb, 8 bytes, Stack size 0 bytes, _printf_char.o(.text))
<BR><BR>[Stack]<UL><LI>Max Depth = 40<LI>Call Chain = _printf_string &rArr; _printf_cs_common &rArr; _printf_str &rArr; _printf_post_padding
</UL>
<BR>[Calls]<UL><LI><a href="#[c0]">&gt;&gt;</a>&nbsp;&nbsp;&nbsp;_printf_cs_common
</UL>
<BR>[Called By]<UL><LI><a href="#[84]">&gt;&gt;</a>&nbsp;&nbsp;&nbsp;_printf_s
</UL>

<P><STRONG><a name="[a7]"></a>_printf_char_file</STRONG> (Thumb, 32 bytes, Stack size 16 bytes, _printf_char_file.o(.text))
<BR><BR>[Stack]<UL><LI>Max Depth = 120 + Unknown Stack Size
<LI>Call Chain = _printf_char_file &rArr; _printf_char_common &rArr; __printf
</UL>
<BR>[Calls]<UL><LI><a href="#[c1]">&gt;&gt;</a>&nbsp;&nbsp;&nbsp;ferror
<LI><a href="#[a5]">&gt;&gt;</a>&nbsp;&nbsp;&nbsp;_printf_char_common
</UL>
<BR>[Called By]<UL><LI><a href="#[a6]">&gt;&gt;</a>&nbsp;&nbsp;&nbsp;__2printf
</UL>

<P><STRONG><a name="[c2]"></a>_printf_wctomb</STRONG> (Thumb, 182 bytes, Stack size 56 bytes, _printf_wctomb.o(.text))
<BR><BR>[Stack]<UL><LI>Max Depth = 80<LI>Call Chain = _printf_wctomb &rArr; _wcrtomb
</UL>
<BR>[Calls]<UL><LI><a href="#[aa]">&gt;&gt;</a>&nbsp;&nbsp;&nbsp;_printf_post_padding
<LI><a href="#[a9]">&gt;&gt;</a>&nbsp;&nbsp;&nbsp;_printf_pre_padding
<LI><a href="#[c3]">&gt;&gt;</a>&nbsp;&nbsp;&nbsp;_wcrtomb
</UL>
<BR>[Called By]<UL><LI><a href="#[d0]">&gt;&gt;</a>&nbsp;&nbsp;&nbsp;_printf_lcs_common
</UL>

<P><STRONG><a name="[7b]"></a>_printf_longlong_dec</STRONG> (Thumb, 108 bytes, Stack size 24 bytes, _printf_longlong_dec.o(.text))
<BR><BR>[Stack]<UL><LI>Max Depth = 72<LI>Call Chain = _printf_longlong_dec &rArr; _printf_int_common &rArr; _printf_post_padding
</UL>
<BR>[Calls]<UL><LI><a href="#[c4]">&gt;&gt;</a>&nbsp;&nbsp;&nbsp;_ll_udiv10
<LI><a href="#[ad]">&gt;&gt;</a>&nbsp;&nbsp;&nbsp;_printf_int_common
</UL>
<BR>[Called By]<UL><LI><a href="#[7d]">&gt;&gt;</a>&nbsp;&nbsp;&nbsp;_printf_llu
<LI><a href="#[7c]">&gt;&gt;</a>&nbsp;&nbsp;&nbsp;_printf_lld
<LI><a href="#[7a]">&gt;&gt;</a>&nbsp;&nbsp;&nbsp;_printf_lli
</UL>

<P><STRONG><a name="[c5]"></a>_printf_longlong_oct</STRONG> (Thumb, 68 bytes, Stack size 8 bytes, _printf_oct_int_ll.o(.text))
<BR><BR>[Stack]<UL><LI>Max Depth = 56<LI>Call Chain = _printf_longlong_oct &rArr; _printf_int_common &rArr; _printf_post_padding
</UL>
<BR>[Calls]<UL><LI><a href="#[ad]">&gt;&gt;</a>&nbsp;&nbsp;&nbsp;_printf_int_common
</UL>
<BR>[Called By]<UL><LI><a href="#[7f]">&gt;&gt;</a>&nbsp;&nbsp;&nbsp;_printf_ll_oct
<LI><a href="#[77]">&gt;&gt;</a>&nbsp;&nbsp;&nbsp;_printf_int_oct
</UL>

<P><STRONG><a name="[77]"></a>_printf_int_oct</STRONG> (Thumb, 24 bytes, Stack size 8 bytes, _printf_oct_int_ll.o(.text))
<BR><BR>[Stack]<UL><LI>Max Depth = 64<LI>Call Chain = _printf_int_oct &rArr; _printf_longlong_oct &rArr; _printf_int_common &rArr; _printf_post_padding
</UL>
<BR>[Calls]<UL><LI><a href="#[c5]">&gt;&gt;</a>&nbsp;&nbsp;&nbsp;_printf_longlong_oct
<LI><a href="#[ac]">&gt;&gt;</a>&nbsp;&nbsp;&nbsp;_printf_truncate_unsigned
</UL>
<BR>[Called By]<UL><LI><a href="#[76]">&gt;&gt;</a>&nbsp;&nbsp;&nbsp;_printf_o
</UL>

<P><STRONG><a name="[7f]"></a>_printf_ll_oct</STRONG> (Thumb, 12 bytes, Stack size 0 bytes, _printf_oct_int_ll.o(.text))
<BR><BR>[Stack]<UL><LI>Max Depth = 56<LI>Call Chain = _printf_ll_oct &rArr; _printf_longlong_oct &rArr; _printf_int_common &rArr; _printf_post_padding
</UL>
<BR>[Calls]<UL><LI><a href="#[c5]">&gt;&gt;</a>&nbsp;&nbsp;&nbsp;_printf_longlong_oct
</UL>
<BR>[Called By]<UL><LI><a href="#[7e]">&gt;&gt;</a>&nbsp;&nbsp;&nbsp;_printf_llo
</UL>

<P><STRONG><a name="[c6]"></a>_printf_longlong_hex</STRONG> (Thumb, 86 bytes, Stack size 16 bytes, _printf_hex_int_ll_ptr.o(.text))
<BR><BR>[Stack]<UL><LI>Max Depth = 64<LI>Call Chain = _printf_longlong_hex &rArr; _printf_int_common &rArr; _printf_post_padding
</UL>
<BR>[Calls]<UL><LI><a href="#[ad]">&gt;&gt;</a>&nbsp;&nbsp;&nbsp;_printf_int_common
</UL>
<BR>[Called By]<UL><LI><a href="#[6b]">&gt;&gt;</a>&nbsp;&nbsp;&nbsp;_printf_hex_ptr
<LI><a href="#[81]">&gt;&gt;</a>&nbsp;&nbsp;&nbsp;_printf_ll_hex
<LI><a href="#[79]">&gt;&gt;</a>&nbsp;&nbsp;&nbsp;_printf_int_hex
</UL>

<P><STRONG><a name="[79]"></a>_printf_int_hex</STRONG> (Thumb, 28 bytes, Stack size 16 bytes, _printf_hex_int_ll_ptr.o(.text))
<BR><BR>[Stack]<UL><LI>Max Depth = 80<LI>Call Chain = _printf_int_hex &rArr; _printf_longlong_hex &rArr; _printf_int_common &rArr; _printf_post_padding
</UL>
<BR>[Calls]<UL><LI><a href="#[c6]">&gt;&gt;</a>&nbsp;&nbsp;&nbsp;_printf_longlong_hex
<LI><a href="#[ac]">&gt;&gt;</a>&nbsp;&nbsp;&nbsp;_printf_truncate_unsigned
</UL>
<BR>[Called By]<UL><LI><a href="#[78]">&gt;&gt;</a>&nbsp;&nbsp;&nbsp;_printf_x
</UL>

<P><STRONG><a name="[81]"></a>_printf_ll_hex</STRONG> (Thumb, 12 bytes, Stack size 0 bytes, _printf_hex_int_ll_ptr.o(.text))
<BR><BR>[Stack]<UL><LI>Max Depth = 64<LI>Call Chain = _printf_ll_hex &rArr; _printf_longlong_hex &rArr; _printf_int_common &rArr; _printf_post_padding
</UL>
<BR>[Calls]<UL><LI><a href="#[c6]">&gt;&gt;</a>&nbsp;&nbsp;&nbsp;_printf_longlong_hex
</UL>
<BR>[Called By]<UL><LI><a href="#[80]">&gt;&gt;</a>&nbsp;&nbsp;&nbsp;_printf_llx
</UL>

<P><STRONG><a name="[6b]"></a>_printf_hex_ptr</STRONG> (Thumb, 18 bytes, Stack size 0 bytes, _printf_hex_int_ll_ptr.o(.text))
<BR><BR>[Stack]<UL><LI>Max Depth = 64<LI>Call Chain = _printf_hex_ptr &rArr; _printf_longlong_hex &rArr; _printf_int_common &rArr; _printf_post_padding
</UL>
<BR>[Calls]<UL><LI><a href="#[c6]">&gt;&gt;</a>&nbsp;&nbsp;&nbsp;_printf_longlong_hex
</UL>
<BR>[Called By]<UL><LI><a href="#[6a]">&gt;&gt;</a>&nbsp;&nbsp;&nbsp;_printf_p
</UL>

<P><STRONG><a name="[2aa]"></a>__user_libspace</STRONG> (Thumb, 8 bytes, Stack size 0 bytes, libspace.o(.text), UNUSED)

<P><STRONG><a name="[da]"></a>__user_perproc_libspace</STRONG> (Thumb, 0 bytes, Stack size 0 bytes, libspace.o(.text))
<BR><BR>[Called By]<UL><LI><a href="#[98]">&gt;&gt;</a>&nbsp;&nbsp;&nbsp;__user_setup_stackheap
</UL>

<P><STRONG><a name="[2ab]"></a>__user_perthread_libspace</STRONG> (Thumb, 0 bytes, Stack size 0 bytes, libspace.o(.text), UNUSED)

<P><STRONG><a name="[be]"></a>__aeabi_errno_addr</STRONG> (Thumb, 8 bytes, Stack size 0 bytes, rt_errno_addr_intlibspace.o(.text))
<BR><BR>[Called By]<UL><LI><a href="#[bf]">&gt;&gt;</a>&nbsp;&nbsp;&nbsp;__set_errno
<LI><a href="#[bd]">&gt;&gt;</a>&nbsp;&nbsp;&nbsp;__read_errno
<LI><a href="#[eb]">&gt;&gt;</a>&nbsp;&nbsp;&nbsp;_ftell_internal
</UL>

<P><STRONG><a name="[2ac]"></a>__errno$intlibspace</STRONG> (Thumb, 0 bytes, Stack size 0 bytes, rt_errno_addr_intlibspace.o(.text), UNUSED)

<P><STRONG><a name="[2ad]"></a>__rt_errno_addr$intlibspace</STRONG> (Thumb, 0 bytes, Stack size 0 bytes, rt_errno_addr_intlibspace.o(.text), UNUSED)

<P><STRONG><a name="[b9]"></a>__Heap_ProvideMemory</STRONG> (Thumb, 52 bytes, Stack size 0 bytes, h1_extend.o(.text))
<BR><BR>[Stack]<UL><LI>Max Depth = 16<LI>Call Chain = __Heap_ProvideMemory &rArr; free
</UL>
<BR>[Calls]<UL><LI><a href="#[62]">&gt;&gt;</a>&nbsp;&nbsp;&nbsp;free
</UL>
<BR>[Called By]<UL><LI><a href="#[8d]">&gt;&gt;</a>&nbsp;&nbsp;&nbsp;_init_alloc
<LI><a href="#[a3]">&gt;&gt;</a>&nbsp;&nbsp;&nbsp;__Heap_Full
</UL>

<P><STRONG><a name="[2ae]"></a>_maybe_terminate_alloc</STRONG> (Thumb, 0 bytes, Stack size 0 bytes, maybetermalloc1.o(.text), UNUSED)

<P><STRONG><a name="[c4]"></a>_ll_udiv10</STRONG> (Thumb, 138 bytes, Stack size 12 bytes, lludiv10.o(.text))
<BR><BR>[Stack]<UL><LI>Max Depth = 12<LI>Call Chain = _ll_udiv10
</UL>
<BR>[Called By]<UL><LI><a href="#[c7]">&gt;&gt;</a>&nbsp;&nbsp;&nbsp;_fp_digits
<LI><a href="#[7b]">&gt;&gt;</a>&nbsp;&nbsp;&nbsp;_printf_longlong_dec
</UL>

<P><STRONG><a name="[cc]"></a>_printf_fp_dec_real</STRONG> (Thumb, 620 bytes, Stack size 104 bytes, _printf_fp_dec.o(.text))
<BR><BR>[Stack]<UL><LI>Max Depth = 324<LI>Call Chain = _printf_fp_dec_real &rArr; _fp_digits &rArr; _btod_etento &rArr; _btod_emul &rArr; _e2e
</UL>
<BR>[Calls]<UL><LI><a href="#[aa]">&gt;&gt;</a>&nbsp;&nbsp;&nbsp;_printf_post_padding
<LI><a href="#[a9]">&gt;&gt;</a>&nbsp;&nbsp;&nbsp;_printf_pre_padding
<LI><a href="#[cd]">&gt;&gt;</a>&nbsp;&nbsp;&nbsp;__ARM_fpclassify
<LI><a href="#[ce]">&gt;&gt;</a>&nbsp;&nbsp;&nbsp;_printf_fp_infnan
<LI><a href="#[8f]">&gt;&gt;</a>&nbsp;&nbsp;&nbsp;__rt_locale
<LI><a href="#[c7]">&gt;&gt;</a>&nbsp;&nbsp;&nbsp;_fp_digits
</UL>
<BR>[Called By]<UL><LI><a href="#[6d]">&gt;&gt;</a>&nbsp;&nbsp;&nbsp;_printf_fp_dec
</UL>

<P><STRONG><a name="[cf]"></a>_printf_fp_hex_real</STRONG> (Thumb, 756 bytes, Stack size 72 bytes, _printf_fp_hex.o(.text))
<BR><BR>[Stack]<UL><LI>Max Depth = 112<LI>Call Chain = _printf_fp_hex_real &rArr; _printf_fp_infnan &rArr; _printf_post_padding
</UL>
<BR>[Calls]<UL><LI><a href="#[aa]">&gt;&gt;</a>&nbsp;&nbsp;&nbsp;_printf_post_padding
<LI><a href="#[a9]">&gt;&gt;</a>&nbsp;&nbsp;&nbsp;_printf_pre_padding
<LI><a href="#[cd]">&gt;&gt;</a>&nbsp;&nbsp;&nbsp;__ARM_fpclassify
[...]
<BR>[Called By]<UL><LI><a href="#[91]">&gt;&gt;</a>&nbsp;&nbsp;&nbsp;__rt_lib_init_lc_numeric_2
</UL>

<P><STRONG><a name="[4e]"></a>_get_lc_ctype</STRONG> (Thumb, 44 bytes, Stack size 8 bytes, lc_ctype_c.o(locale$$code))
<BR><BR>[Stack]<UL><LI>Max Depth = 16<LI>Call Chain = _get_lc_ctype &rArr; strcmp
</UL>
<BR>[Calls]<UL><LI><a href="#[26b]">&gt;&gt;</a>&nbsp;&nbsp;&nbsp;strcmp
</UL>
<BR>[Called By]<UL><LI><a href="#[90]">&gt;&gt;</a>&nbsp;&nbsp;&nbsp;__rt_lib_init_lc_ctype_2
</UL>
<BR>[Address Reference Count : 1]<UL><LI> rt_ctype_table.o(.text)
</UL>
<P><STRONG><a name="[26c]"></a>__fpl_fnaninf</STRONG> (Thumb, 140 bytes, Stack size 8 bytes, fnaninf.o(x$fpl$fnaninf))
<BR><BR>[Stack]<UL><LI>Max Depth = 8<LI>Call Chain = __fpl_fnaninf
</UL>
<BR>[Called By]<UL><LI><a href="#[26d]">&gt;&gt;</a>&nbsp;&nbsp;&nbsp;_ll_ufrom_f
<LI><a href="#[269]">&gt;&gt;</a>&nbsp;&nbsp;&nbsp;_frnd
</UL>

<P><STRONG><a name="[8b]"></a>_fp_init</STRONG> (Thumb, 26 bytes, Stack size 0 bytes, fpinit.o(x$fpl$fpinit))
<BR><BR>[Called By]<UL><LI><a href="#[8a]">&gt;&gt;</a>&nbsp;&nbsp;&nbsp;__rt_lib_init_fp_1
</UL>

<P><STRONG><a name="[2ba]"></a>__fplib_config_fpu_vfp</STRONG> (Thumb, 0 bytes, Stack size unknown bytes, fpinit.o(x$fpl$fpinit), UNUSED)

<P><STRONG><a name="[2bb]"></a>__fplib_config_pureend_doubles</STRONG> (Thumb, 0 bytes, Stack size unknown bytes, fpinit.o(x$fpl$fpinit), UNUSED)

<P><STRONG><a name="[269]"></a>_frnd</STRONG> (Thumb, 96 bytes, Stack size 8 bytes, frnd.o(x$fpl$frnd))
<BR><BR>[Stack]<UL><LI>Max Depth = 16<LI>Call Chain = _frnd &rArr; __fpl_fnaninf
</UL>
<BR>[Calls]<UL><LI><a href="#[26c]">&gt;&gt;</a>&nbsp;&nbsp;&nbsp;__fpl_fnaninf
</UL>
<BR>[Called By]<UL><LI><a href="#[173]">&gt;&gt;</a>&nbsp;&nbsp;&nbsp;__hardfp_roundf
</UL>

<P><STRONG><a name="[24b]"></a>__aeabi_f2ulz</STRONG> (Thumb, 0 bytes, Stack size 16 bytes, ffixull.o(x$fpl$llufromf))
<BR><BR>[Stack]<UL><LI>Max Depth = 16<LI>Call Chain = __aeabi_f2ulz
</UL>
<BR>[Called By]<UL><LI><a href="#[228]">&gt;&gt;</a>&nbsp;&nbsp;&nbsp;acc_translation_a121_translate
</UL>

<P><STRONG><a name="[26d]"></a>_ll_ufrom_f</STRONG> (Thumb, 92 bytes, Stack size 16 bytes, ffixull.o(x$fpl$llufromf), UNUSED)
<BR><BR>[Calls]<UL><LI><a href="#[26c]">&gt;&gt;</a>&nbsp;&nbsp;&nbsp;__fpl_fnaninf
</UL>

<P><STRONG><a name="[6d]"></a>_printf_fp_dec</STRONG> (Thumb, 4 bytes, Stack size 0 bytes, printf1.o(x$fpl$printf1))
<BR><BR>[Stack]<UL><LI>Max Depth = 324<LI>Call Chain = _printf_fp_dec &rArr; _printf_fp_dec_real &rArr; _fp_digits &rArr; _btod_etento &rArr; _btod_emul &rArr; _e2e
</UL>
<BR>[Calls]<UL><LI><a href="#[cc]">&gt;&gt;</a>&nbsp;&nbsp;&nbsp;_printf_fp_dec_real
</UL>
<BR>[Called By]<UL><LI><a href="#[6f]">&gt;&gt;</a>&nbsp;&nbsp;&nbsp;_printf_g
<LI><a href="#[6e]">&gt;&gt;</a>&nbsp;&nbsp;&nbsp;_printf_e
<LI><a href="#[6c]">&gt;&gt;</a>&nbsp;&nbsp;&nbsp;_printf_f
</UL>

<P><STRONG><a name="[71]"></a>_printf_fp_hex</STRONG> (Thumb, 4 bytes, Stack size 0 bytes, printf2.o(x$fpl$printf2))
<BR><BR>[Stack]<UL><LI>Max Depth = 112<LI>Call Chain = _printf_fp_hex &rArr; _printf_fp_hex_real &rArr; _printf_fp_infnan &rArr; _printf_post_padding
</UL>
<BR>[Calls]<UL><LI><a href="#[cf]">&gt;&gt;</a>&nbsp;&nbsp;&nbsp;_printf_fp_hex_real
</UL>
<BR>[Called By]<UL><LI><a href="#[70]">&gt;&gt;</a>&nbsp;&nbsp;&nbsp;_printf_a
</UL>
<P>
<H3>
Local Symbols
</H3>
<P><STRONG><a name="[20c]"></a>do_sensor_calibration</STRONG> (Thumb, 172 bytes, Stack size 48 bytes, example_detector_distance.o(.text.do_sensor_calibration))
<BR><BR>[Stack]<UL><LI>Max Depth = 1824 + Unknown Stack Size
<LI>Call Chain = do_sensor_calibration &rArr; acc_sensor_calibrate &rArr; acc_calibration_a121_calibrate &rArr; acc_cal_algorithms_tx_freq_ctrl &rArr; acc_alg_atan2_q16
</UL>
<BR>[Calls]<UL><LI><a href="#[243]">&gt;&gt;</a>&nbsp;&nbsp;&nbsp;acc_sensor_calibrate
<LI><a href="#[20f]">&gt;&gt;</a>&nbsp;&nbsp;&nbsp;acc_hal_integration_sensor_disable
<LI><a href="#[20d]">&gt;&gt;</a>&nbsp;&nbsp;&nbsp;acc_hal_integration_wait_for_sensor_interrupt
<LI><a href="#[20a]">&gt;&gt;</a>&nbsp;&nbsp;&nbsp;acc_hal_integration_sensor_enable
</UL>
<BR>[Called By]<UL><LI><a href="#[1fa]">&gt;&gt;</a>&nbsp;&nbsp;&nbsp;acc_example_detector_distance
</UL>

<P><STRONG><a name="[20e]"></a>cleanup</STRONG> (Thumb, 56 bytes, Stack size 8 bytes, example_detector_distance.o(.text.cleanup))
<BR><BR>[Stack]<UL><LI>Max Depth = 48<LI>Call Chain = cleanup &rArr; acc_detector_distance_destroy &rArr; acc_detector_distance_aggregator_destroy &rArr; acc_detector_distance_processor_destroy &rArr; acc_rss_integration_mem_free
</UL>
<BR>[Calls]<UL><LI><a href="#[212]">&gt;&gt;</a>&nbsp;&nbsp;&nbsp;acc_sensor_destroy
<LI><a href="#[1ce]">&gt;&gt;</a>&nbsp;&nbsp;&nbsp;acc_detector_distance_destroy
<LI><a href="#[1c9]">&gt;&gt;</a>&nbsp;&nbsp;&nbsp;acc_detector_distance_config_destroy
<LI><a href="#[210]">&gt;&gt;</a>&nbsp;&nbsp;&nbsp;acc_hal_integration_sensor_supply_off
<LI><a href="#[20f]">&gt;&gt;</a>&nbsp;&nbsp;&nbsp;acc_hal_integration_sensor_disable
<LI><a href="#[211]">&gt;&gt;</a>&nbsp;&nbsp;&nbsp;acc_integration_mem_free
</UL>
<BR>[Called By]<UL><LI><a href="#[1fa]">&gt;&gt;</a>&nbsp;&nbsp;&nbsp;acc_example_detector_distance
</UL>

<P><STRONG><a name="[63]"></a>acc_hal_integration_sensor_transfer</STRONG> (Thumb, 84 bytes, Stack size 24 bytes, acc_hal_integration_stm32cube_xe121_single_sensor.o(.text.acc_hal_integration_sensor_transfer))
<BR><BR>[Stack]<UL><LI>Max Depth = 96<LI>Call Chain = acc_hal_integration_sensor_transfer &rArr; HAL_SPI_TransmitReceive &rArr; SPI_WaitFifoStateUntilTimeout
</UL>
<BR>[Calls]<UL><LI><a href="#[109]">&gt;&gt;</a>&nbsp;&nbsp;&nbsp;HAL_SPI_TransmitReceive
<LI><a href="#[111]">&gt;&gt;</a>&nbsp;&nbsp;&nbsp;Error_Handler
<LI><a href="#[213]">&gt;&gt;</a>&nbsp;&nbsp;&nbsp;HAL_GPIO_WritePin
</UL>
<BR>[Address Reference Count : 1]<UL><LI> acc_hal_integration_stm32cube_xe121_single_sensor.o(.rodata.acc_hal_rss_integration_get_implementation.val)
</UL>
<P><STRONG><a name="[101]"></a>RCC_SetFlashLatencyFromMSIRange</STRONG> (Thumb, 232 bytes, Stack size 16 bytes, stm32wbxx_hal_rcc.o(.text.RCC_SetFlashLatencyFromMSIRange))
<BR><BR>[Stack]<UL><LI>Max Depth = 16<LI>Call Chain = RCC_SetFlashLatencyFromMSIRange
</UL>
<BR>[Calls]<UL><LI><a href="#[112]">&gt;&gt;</a>&nbsp;&nbsp;&nbsp;HAL_PWREx_GetVoltageRange
<LI><a href="#[f1]">&gt;&gt;</a>&nbsp;&nbsp;&nbsp;HAL_GetTick
</UL>
<BR>[Called By]<UL><LI><a href="#[100]">&gt;&gt;</a>&nbsp;&nbsp;&nbsp;HAL_RCC_OscConfig
</UL>

<P><STRONG><a name="[10a]"></a>SPI_WaitFifoStateUntilTimeout</STRONG> (Thumb, 390 bytes, Stack size 40 bytes, stm32wbxx_hal_spi.o(.text.SPI_WaitFifoStateUntilTimeout))
<BR><BR>[Stack]<UL><LI>Max Depth = 40<LI>Call Chain = SPI_WaitFifoStateUntilTimeout
</UL>
<BR>[Calls]<UL><LI><a href="#[f1]">&gt;&gt;</a>&nbsp;&nbsp;&nbsp;HAL_GetTick
</UL>
<BR>[Called By]<UL><LI><a href="#[109]">&gt;&gt;</a>&nbsp;&nbsp;&nbsp;HAL_SPI_TransmitReceive
</UL>

<P><STRONG><a name="[10b]"></a>SPI_WaitFlagStateUntilTimeout</STRONG> (Thumb, 210 bytes, Stack size 24 bytes, stm32wbxx_hal_spi.o(.text.SPI_WaitFlagStateUntilTimeout))
<BR><BR>[Stack]<UL><LI>Max Depth = 24<LI>Call Chain = SPI_WaitFlagStateUntilTimeout
</UL>
<BR>[Calls]<UL><LI><a href="#[f1]">&gt;&gt;</a>&nbsp;&nbsp;&nbsp;HAL_GetTick
</UL>
<BR>[Called By]<UL><LI><a href="#[109]">&gt;&gt;</a>&nbsp;&nbsp;&nbsp;HAL_SPI_TransmitReceive
</UL>

<P><STRONG><a name="[4f]"></a>SPI_DMAAbortOnError</STRONG> (Thumb, 14 bytes, Stack size 0 bytes, stm32wbxx_hal_spi.o(.text.SPI_DMAAbortOnError))
<BR><BR>[Calls]<UL><LI><a href="#[104]">&gt;&gt;</a>&nbsp;&nbsp;&nbsp;HAL_SPI_ErrorCallback
</UL>
<BR>[Address Reference Count : 1]<UL><LI> stm32wbxx_hal_spi.o(.text.HAL_SPI_IRQHandler)
</UL>
<P><STRONG><a name="[19e]"></a>decide_next_measurement_type</STRONG> (Thumb, 124 bytes, Stack size 8 bytes, acc_detector_distance.o(.text.decide_next_measurement_type))
<BR><BR>[Stack]<UL><LI>Max Depth = 8<LI>Call Chain = decide_next_measurement_type
</UL>
<BR>[Called By]<UL><LI><a href="#[194]">&gt;&gt;</a>&nbsp;&nbsp;&nbsp;acc_detector_distance_calibrate
</UL>

<P><STRONG><a name="[1ea]"></a>validate_distance_settings</STRONG> (Thumb, 392 bytes, Stack size 16 bytes, acc_detector_distance_translation.o(.text.validate_distance_settings))
<BR><BR>[Stack]<UL><LI>Max Depth = 16<LI>Call Chain = validate_distance_settings
</UL>
<BR>[Called By]<UL><LI><a href="#[1d3]">&gt;&gt;</a>&nbsp;&nbsp;&nbsp;acc_detector_distance_translation_get_close_range_sensor_config
<LI><a href="#[1d0]">&gt;&gt;</a>&nbsp;&nbsp;&nbsp;acc_detector_distance_translation_get_far_range_sensor_config
<LI><a href="#[1cd]">&gt;&gt;</a>&nbsp;&nbsp;&nbsp;acc_detector_distance_translation_get_processor_specifications
<LI><a href="#[1cc]">&gt;&gt;</a>&nbsp;&nbsp;&nbsp;acc_detector_distance_translation_get_num_processor_specifications
</UL>

<P><STRONG><a name="[1eb]"></a>get_range_types</STRONG> (Thumb, 888 bytes, Stack size 64 bytes, acc_detector_distance_translation.o(.text.get_range_types))
<BR><BR>[Stack]<UL><LI>Max Depth = 96<LI>Call Chain = get_range_types &rArr; acc_detector_distance_translation_calc_leakage_free_min_dist
</UL>
<BR>[Calls]<UL><LI><a href="#[1e7]">&gt;&gt;</a>&nbsp;&nbsp;&nbsp;acc_detector_distance_translation_calc_leakage_free_min_dist
<LI><a href="#[182]">&gt;&gt;</a>&nbsp;&nbsp;&nbsp;acc_detector_utils_get_fwhm
</UL>
<BR>[Called By]<UL><LI><a href="#[1d3]">&gt;&gt;</a>&nbsp;&nbsp;&nbsp;acc_detector_distance_translation_get_close_range_sensor_config
<LI><a href="#[1d0]">&gt;&gt;</a>&nbsp;&nbsp;&nbsp;acc_detector_distance_translation_get_far_range_sensor_config
<LI><a href="#[1cd]">&gt;&gt;</a>&nbsp;&nbsp;&nbsp;acc_detector_distance_translation_get_processor_specifications
<LI><a href="#[1cc]">&gt;&gt;</a>&nbsp;&nbsp;&nbsp;acc_detector_distance_translation_get_num_processor_specifications
</UL>

<P><STRONG><a name="[1ec]"></a>calc_hwaas</STRONG> (Thumb, 176 bytes, Stack size 64 bytes, acc_detector_distance_translation.o(.text.calc_hwaas))
<BR><BR>[Stack]<UL><LI>Max Depth = 104<LI>Call Chain = calc_hwaas &rArr; __hardfp_powf &rArr; __set_errno
</UL>
<BR>[Calls]<UL><LI><a href="#[185]">&gt;&gt;</a>&nbsp;&nbsp;&nbsp;acc_detector_distance_alg_calc_processing_gain
<LI><a href="#[1e3]">&gt;&gt;</a>&nbsp;&nbsp;&nbsp;acc_detector_utils_radar_loop_gain_per_hwaas
<LI><a href="#[173]">&gt;&gt;</a>&nbsp;&nbsp;&nbsp;__hardfp_roundf
<LI><a href="#[1e4]">&gt;&gt;</a>&nbsp;&nbsp;&nbsp;__hardfp_powf
<LI><a href="#[1e2]">&gt;&gt;</a>&nbsp;&nbsp;&nbsp;__hardfp_log10f
<LI><a href="#[139]">&gt;&gt;</a>&nbsp;&nbsp;&nbsp;__ARM_fpclassifyf
</UL>
<BR>[Called By]<UL><LI><a href="#[1d3]">&gt;&gt;</a>&nbsp;&nbsp;&nbsp;acc_detector_distance_translation_get_close_range_sensor_config
<LI><a href="#[1d0]">&gt;&gt;</a>&nbsp;&nbsp;&nbsp;acc_detector_distance_translation_get_far_range_sensor_config
</UL>

<P><STRONG><a name="[60]"></a>data_callback</STRONG> (Thumb, 38 bytes, Stack size 0 bytes, acc_processing.o(.text.data_callback))
<BR>[Address Reference Count : 1]<UL><LI> acc_processing.o(.text.acc_processing_create)
</UL>
<P><STRONG><a name="[5e]"></a>pipeline_a121_produce</STRONG> (Thumb, 16 bytes, Stack size 0 bytes, acc_pipeline_a121.o(.text.pipeline_a121_produce))
<BR>[Address Reference Count : 1]<UL><LI> acc_pipeline_a121.o(.text.acc_pipeline_a121_assemble)
</UL>
<P><STRONG><a name="[5f]"></a>pipeline_a121_disassemble</STRONG> (Thumb, 48 bytes, Stack size 16 bytes, acc_pipeline_a121.o(.text.pipeline_a121_disassemble))
<BR><BR>[Stack]<UL><LI>Max Depth = 40<LI>Call Chain = pipeline_a121_disassemble &rArr; acc_element_frame_release &rArr; acc_pipeline_subsweep_disassemble &rArr; acc_rss_integration_mem_free
</UL>
<BR>[Calls]<UL><LI><a href="#[15c]">&gt;&gt;</a>&nbsp;&nbsp;&nbsp;acc_rss_integration_mem_free
<LI><a href="#[21d]">&gt;&gt;</a>&nbsp;&nbsp;&nbsp;acc_element_frame_aux_release
<LI><a href="#[1f7]">&gt;&gt;</a>&nbsp;&nbsp;&nbsp;acc_element_frame_release
</UL>
<BR>[Address Reference Count : 1]<UL><LI> acc_pipeline_a121.o(.text.acc_pipeline_a121_assemble)
</UL>
<P><STRONG><a name="[1da]"></a>process_subsweeps</STRONG> (Thumb, 692 bytes, Stack size 88 bytes, acc_detector_distance_processor.o(.text.process_subsweeps))
<BR><BR>[Stack]<UL><LI>Max Depth = 252<LI>Call Chain = process_subsweeps &rArr; acc_detector_distance_alg_phase_comp_mean_sweep &rArr; __hardfp_cexpf &rArr; sinf &rArr; __hardfp_sinf &rArr; __mathlib_rredf2
</UL>
<BR>[Calls]<UL><LI><a href="#[1f0]">&gt;&gt;</a>&nbsp;&nbsp;&nbsp;acc_detector_utils_get_complex_angle
<LI><a href="#[1a4]">&gt;&gt;</a>&nbsp;&nbsp;&nbsp;acc_detector_utils_get_abs_sweep
<LI><a href="#[188]">&gt;&gt;</a>&nbsp;&nbsp;&nbsp;acc_detector_distance_alg_filtfilt
<LI><a href="#[18d]">&gt;&gt;</a>&nbsp;&nbsp;&nbsp;acc_detector_distance_alg_phase_comp_mean_sweep
<LI><a href="#[b4]">&gt;&gt;</a>&nbsp;&nbsp;&nbsp;__aeabi_memcpy
</UL>
<BR>[Called By]<UL><LI><a href="#[180]">&gt;&gt;</a>&nbsp;&nbsp;&nbsp;acc_detector_distance_processor_process
<LI><a href="#[177]">&gt;&gt;</a>&nbsp;&nbsp;&nbsp;acc_detector_distance_processor_calibrate
</UL>

<P><STRONG><a name="[54]"></a>element_frame_event</STRONG> (Thumb, 116 bytes, Stack size 24 bytes, acc_element_frame.o(.text.element_frame_event))
<BR><BR>[Stack]<UL><LI>Max Depth = 24<LI>Call Chain = element_frame_event
</UL>
<BR>[Calls]<UL><LI><a href="#[24e]">&gt;&gt;</a>&nbsp;&nbsp;&nbsp;acc_pipeline_subsweep_produce
<LI><a href="#[24d]">&gt;&gt;</a>&nbsp;&nbsp;&nbsp;acc_pipeline_subsweep_prepare_memory
</UL>
<BR>[Address Reference Count : 1]<UL><LI> acc_element_frame.o(.text.acc_element_frame_init)
</UL>
<P><STRONG><a name="[55]"></a>element_frame_validate</STRONG> (Thumb, 84 bytes, Stack size 16 bytes, acc_element_frame.o(.text.element_frame_validate))
<BR><BR>[Stack]<UL><LI>Max Depth = 16<LI>Call Chain = element_frame_validate
</UL>
<BR>[Calls]<UL><LI><a href="#[15e]">&gt;&gt;</a>&nbsp;&nbsp;&nbsp;acc_rss_integration_log_level
</UL>
<BR>[Address Reference Count : 1]<UL><LI> acc_element_frame.o(.text.acc_element_frame_init)
</UL>
<P><STRONG><a name="[56]"></a>element_frame_reset</STRONG> (Thumb, 6 bytes, Stack size 0 bytes, acc_element_frame.o(.text.element_frame_reset))
<BR>[Address Reference Count : 1]<UL><LI> acc_element_frame.o(.text.acc_element_frame_init)
</UL>
<P><STRONG><a name="[57]"></a>element_frame_callback</STRONG> (Thumb, 66 bytes, Stack size 24 bytes, acc_element_frame.o(.text.element_frame_callback))
<BR><BR>[Stack]<UL><LI>Max Depth = 24<LI>Call Chain = element_frame_callback
</UL>
<BR>[Calls]<UL><LI><a href="#[24c]">&gt;&gt;</a>&nbsp;&nbsp;&nbsp;__aeabi_memmove
</UL>
<BR>[Address Reference Count : 1]<UL><LI> acc_element_frame.o(.text.acc_element_frame_init)
</UL>
<P><STRONG><a name="[51]"></a>element_frame_aux_event</STRONG> (Thumb, 148 bytes, Stack size 16 bytes, acc_element_frame_aux.o(.text.element_frame_aux_event))
<BR><BR>[Stack]<UL><LI>Max Depth = 16<LI>Call Chain = element_frame_aux_event
</UL>
<BR>[Calls]<UL><LI><a href="#[148]">&gt;&gt;</a>&nbsp;&nbsp;&nbsp;acc_alg_temp
</UL>
<BR>[Address Reference Count : 1]<UL><LI> acc_element_frame_aux.o(.text.acc_element_frame_aux_init)
</UL>
<P><STRONG><a name="[52]"></a>element_frame_aux_validate</STRONG> (Thumb, 6 bytes, Stack size 0 bytes, acc_element_frame_aux.o(.text.element_frame_aux_validate))
<BR>[Address Reference Count : 1]<UL><LI> acc_element_frame_aux.o(.text.acc_element_frame_aux_init)
</UL>
<P><STRONG><a name="[53]"></a>element_frame_aux_reset</STRONG> (Thumb, 6 bytes, Stack size 0 bytes, acc_element_frame_aux.o(.text.element_frame_aux_reset))
<BR>[Address Reference Count : 1]<UL><LI> acc_element_frame_aux.o(.text.acc_element_frame_aux_init)
</UL>
<P><STRONG><a name="[5b]"></a>sink_a121_callback_consume</STRONG> (Thumb, 14 bytes, Stack size 0 bytes, acc_element_sink_a121_callback.o(.text.sink_a121_callback_consume))
<BR>[Address Reference Count : 1]<UL><LI> acc_element_sink_a121_callback.o(.text.acc_element_sink_a121_callback_init)
</UL>
<P><STRONG><a name="[5c]"></a>sink_a121_callback_validate</STRONG> (Thumb, 72 bytes, Stack size 16 bytes, acc_element_sink_a121_callback.o(.text.sink_a121_callback_validate))
<BR><BR>[Stack]<UL><LI>Max Depth = 16<LI>Call Chain = sink_a121_callback_validate
</UL>
<BR>[Calls]<UL><LI><a href="#[15e]">&gt;&gt;</a>&nbsp;&nbsp;&nbsp;acc_rss_integration_log_level
</UL>
<BR>[Address Reference Count : 1]<UL><LI> acc_element_sink_a121_callback.o(.text.acc_element_sink_a121_callback_init)
</UL>
<P><STRONG><a name="[5d]"></a>sink_a121_callback_reset</STRONG> (Thumb, 2 bytes, Stack size 0 bytes, acc_element_sink_a121_callback.o(.text.sink_a121_callback_reset))
<BR>[Address Reference Count : 1]<UL><LI> acc_element_sink_a121_callback.o(.text.acc_element_sink_a121_callback_init)
</UL>
<P><STRONG><a name="[1f3]"></a>diagnostic_log_data_u16</STRONG> (Thumb, 676 bytes, Stack size 56 bytes, acc_diagnostic_log.o(.text.diagnostic_log_data_u16))
<BR><BR>[Stack]<UL><LI>Max Depth = 56<LI>Call Chain = diagnostic_log_data_u16
</UL>
<BR>[Calls]<UL><LI><a href="#[15e]">&gt;&gt;</a>&nbsp;&nbsp;&nbsp;acc_rss_integration_log_level
</UL>
<BR>[Called By]<UL><LI><a href="#[14f]">&gt;&gt;</a>&nbsp;&nbsp;&nbsp;acc_diagnostic_log_data_u16
</UL>

<P><STRONG><a name="[1f2]"></a>diagnostic_log_data_i16</STRONG> (Thumb, 716 bytes, Stack size 56 bytes, acc_diagnostic_log.o(.text.diagnostic_log_data_i16))
<BR><BR>[Stack]<UL><LI>Max Depth = 56<LI>Call Chain = diagnostic_log_data_i16
</UL>
<BR>[Calls]<UL><LI><a href="#[15e]">&gt;&gt;</a>&nbsp;&nbsp;&nbsp;acc_rss_integration_log_level
</UL>
<BR>[Called By]<UL><LI><a href="#[151]">&gt;&gt;</a>&nbsp;&nbsp;&nbsp;acc_diagnostic_log_data_i16
</UL>

<P><STRONG><a name="[58]"></a>element_phase_enh_iq_imb_com_event</STRONG> (Thumb, 480 bytes, Stack size 112 bytes, acc_element_phase_enh_iq_imb_comp.o(.text.element_phase_enh_iq_imb_com_event))
<BR><BR>[Stack]<UL><LI>Max Depth = 148<LI>Call Chain = element_phase_enh_iq_imb_com_event &rArr; __hardfp_sinf &rArr; __mathlib_rredf2
</UL>
<BR>[Calls]<UL><LI><a href="#[24f]">&gt;&gt;</a>&nbsp;&nbsp;&nbsp;acc_translation_a121_point_in_coarse
<LI><a href="#[250]">&gt;&gt;</a>&nbsp;&nbsp;&nbsp;acc_translation_a121_point_to_coarse
<LI><a href="#[141]">&gt;&gt;</a>&nbsp;&nbsp;&nbsp;acc_alg_comp_iq_imb
<LI><a href="#[252]">&gt;&gt;</a>&nbsp;&nbsp;&nbsp;__hardfp_sinf
<LI><a href="#[251]">&gt;&gt;</a>&nbsp;&nbsp;&nbsp;__hardfp_cosf
</UL>
<BR>[Address Reference Count : 1]<UL><LI> acc_element_phase_enh_iq_imb_comp.o(.text.acc_element_phase_enh_iq_imb_comp_init)
</UL>
<P><STRONG><a name="[59]"></a>element_phase_enh_iq_imb_com_validate</STRONG> (Thumb, 6 bytes, Stack size 0 bytes, acc_element_phase_enh_iq_imb_comp.o(.text.element_phase_enh_iq_imb_com_validate))
<BR>[Address Reference Count : 1]<UL><LI> acc_element_phase_enh_iq_imb_comp.o(.text.acc_element_phase_enh_iq_imb_comp_init)
</UL>
<P><STRONG><a name="[5a]"></a>element_phase_enh_iq_imb_com_reset</STRONG> (Thumb, 6 bytes, Stack size 0 bytes, acc_element_phase_enh_iq_imb_comp.o(.text.element_phase_enh_iq_imb_com_reset))
<BR>[Address Reference Count : 1]<UL><LI> acc_element_phase_enh_iq_imb_comp.o(.text.acc_element_phase_enh_iq_imb_comp_init)
</UL>
<P><STRONG><a name="[4c]"></a>_printf_input_char</STRONG> (Thumb, 10 bytes, Stack size 0 bytes, _printf_char_common.o(.text))
<BR>[Address Reference Count : 1]<UL><LI> _printf_char_common.o(.text)
</UL>
<P><STRONG><a name="[c7]"></a>_fp_digits</STRONG> (Thumb, 432 bytes, Stack size 96 bytes, _printf_fp_dec.o(.text))
<BR><BR>[Stack]<UL><LI>Max Depth = 220<LI>Call Chain = _fp_digits &rArr; _btod_etento &rArr; _btod_emul &rArr; _e2e
</UL>
<BR>[Calls]<UL><LI><a href="#[cb]">&gt;&gt;</a>&nbsp;&nbsp;&nbsp;_btod_emul
<LI><a href="#[ca]">&gt;&gt;</a>&nbsp;&nbsp;&nbsp;_btod_ediv
<LI><a href="#[c9]">&gt;&gt;</a>&nbsp;&nbsp;&nbsp;_btod_d2e
<LI><a href="#[c8]">&gt;&gt;</a>&nbsp;&nbsp;&nbsp;_btod_etento
<LI><a href="#[c4]">&gt;&gt;</a>&nbsp;&nbsp;&nbsp;_ll_udiv10
</UL>
<BR>[Called By]<UL><LI><a href="#[cc]">&gt;&gt;</a>&nbsp;&nbsp;&nbsp;_printf_fp_dec_real
</UL>
<P>
<H3>
Undefined Global Symbols
</H3><HR></body></html>
